Archive member included to satisfy reference by file (symbol)

c:/intelfpga_lite/19.1/nios2eds/bin/gnu/h-x86_64-mingw32/bin/../lib/gcc/nios2-elf/8.3.1/../../../../../H-x86_64-mingw32/nios2-elf/lib\libc.a(lib_a-ctype_.o)
                              obj/default/src/network_utilities.o (_ctype_)
c:/intelfpga_lite/19.1/nios2eds/bin/gnu/h-x86_64-mingw32/bin/../lib/gcc/nios2-elf/8.3.1/../../../../../H-x86_64-mingw32/nios2-elf/lib\libc.a(lib_a-getchar.o)
                              obj/default/src/network_utilities.o (getchar)
c:/intelfpga_lite/19.1/nios2eds/bin/gnu/h-x86_64-mingw32/bin/../lib/gcc/nios2-elf/8.3.1/../../../../../H-x86_64-mingw32/nios2-elf/lib\libc.a(lib_a-impure.o)
                              c:/intelfpga_lite/19.1/nios2eds/bin/gnu/h-x86_64-mingw32/bin/../lib/gcc/nios2-elf/8.3.1/../../../../../H-x86_64-mingw32/nios2-elf/lib\libc.a(lib_a-getchar.o) (_impure_ptr)
c:/intelfpga_lite/19.1/nios2eds/bin/gnu/h-x86_64-mingw32/bin/../lib/gcc/nios2-elf/8.3.1/../../../../../H-x86_64-mingw32/nios2-elf/lib\libc.a(lib_a-printf.o)
                              obj/default/src/control.o (printf)
c:/intelfpga_lite/19.1/nios2eds/bin/gnu/h-x86_64-mingw32/bin/../lib/gcc/nios2-elf/8.3.1/../../../../../H-x86_64-mingw32/nios2-elf/lib\libc.a(lib_a-putchar.o)
                              obj/default/src/network_utilities.o (putchar)
c:/intelfpga_lite/19.1/nios2eds/bin/gnu/h-x86_64-mingw32/bin/../lib/gcc/nios2-elf/8.3.1/../../../../../H-x86_64-mingw32/nios2-elf/lib\libc.a(lib_a-puts.o)
                              obj/default/src/control.o (puts)
c:/intelfpga_lite/19.1/nios2eds/bin/gnu/h-x86_64-mingw32/bin/../lib/gcc/nios2-elf/8.3.1/../../../../../H-x86_64-mingw32/nios2-elf/lib\libc.a(lib_a-strlen.o)
                              c:/intelfpga_lite/19.1/nios2eds/bin/gnu/h-x86_64-mingw32/bin/../lib/gcc/nios2-elf/8.3.1/../../../../../H-x86_64-mingw32/nios2-elf/lib\libc.a(lib_a-puts.o) (strlen)
c:/intelfpga_lite/19.1/nios2eds/bin/gnu/h-x86_64-mingw32/bin/../lib/gcc/nios2-elf/8.3.1/../../../../../H-x86_64-mingw32/nios2-elf/lib\libc.a(lib_a-vfprintf.o)
                              c:/intelfpga_lite/19.1/nios2eds/bin/gnu/h-x86_64-mingw32/bin/../lib/gcc/nios2-elf/8.3.1/../../../../../H-x86_64-mingw32/nios2-elf/lib\libc.a(lib_a-printf.o) (___vfprintf_internal_r)
c:/intelfpga_lite/19.1/nios2eds/bin/gnu/h-x86_64-mingw32/bin/../lib/gcc/nios2-elf/8.3.1/../../../../../H-x86_64-mingw32/nios2-elf/lib\libc.a(lib_a-wsetup.o)
                              c:/intelfpga_lite/19.1/nios2eds/bin/gnu/h-x86_64-mingw32/bin/../lib/gcc/nios2-elf/8.3.1/../../../../../H-x86_64-mingw32/nios2-elf/lib\libc.a(lib_a-vfprintf.o) (__swsetup_r)
c:/intelfpga_lite/19.1/nios2eds/bin/gnu/h-x86_64-mingw32/bin/../lib/gcc/nios2-elf/8.3.1/../../../../../H-x86_64-mingw32/nios2-elf/lib\libc.a(lib_a-dtoa.o)
                              c:/intelfpga_lite/19.1/nios2eds/bin/gnu/h-x86_64-mingw32/bin/../lib/gcc/nios2-elf/8.3.1/../../../../../H-x86_64-mingw32/nios2-elf/lib\libc.a(lib_a-vfprintf.o) (_dtoa_r)
c:/intelfpga_lite/19.1/nios2eds/bin/gnu/h-x86_64-mingw32/bin/../lib/gcc/nios2-elf/8.3.1/../../../../../H-x86_64-mingw32/nios2-elf/lib\libc.a(lib_a-fflush.o)
                              c:/intelfpga_lite/19.1/nios2eds/bin/gnu/h-x86_64-mingw32/bin/../lib/gcc/nios2-elf/8.3.1/../../../../../H-x86_64-mingw32/nios2-elf/lib\libc.a(lib_a-vfprintf.o) (_fflush_r)
c:/intelfpga_lite/19.1/nios2eds/bin/gnu/h-x86_64-mingw32/bin/../lib/gcc/nios2-elf/8.3.1/../../../../../H-x86_64-mingw32/nios2-elf/lib\libc.a(lib_a-findfp.o)
                              c:/intelfpga_lite/19.1/nios2eds/bin/gnu/h-x86_64-mingw32/bin/../lib/gcc/nios2-elf/8.3.1/../../../../../H-x86_64-mingw32/nios2-elf/lib\libc.a(lib_a-puts.o) (__sinit)
c:/intelfpga_lite/19.1/nios2eds/bin/gnu/h-x86_64-mingw32/bin/../lib/gcc/nios2-elf/8.3.1/../../../../../H-x86_64-mingw32/nios2-elf/lib\libc.a(lib_a-freer.o)
                              c:/intelfpga_lite/19.1/nios2eds/bin/gnu/h-x86_64-mingw32/bin/../lib/gcc/nios2-elf/8.3.1/../../../../../H-x86_64-mingw32/nios2-elf/lib\libc.a(lib_a-wsetup.o) (_free_r)
c:/intelfpga_lite/19.1/nios2eds/bin/gnu/h-x86_64-mingw32/bin/../lib/gcc/nios2-elf/8.3.1/../../../../../H-x86_64-mingw32/nios2-elf/lib\libc.a(lib_a-fvwrite.o)
                              c:/intelfpga_lite/19.1/nios2eds/bin/gnu/h-x86_64-mingw32/bin/../lib/gcc/nios2-elf/8.3.1/../../../../../H-x86_64-mingw32/nios2-elf/lib\libc.a(lib_a-puts.o) (__sfvwrite_r)
c:/intelfpga_lite/19.1/nios2eds/bin/gnu/h-x86_64-mingw32/bin/../lib/gcc/nios2-elf/8.3.1/../../../../../H-x86_64-mingw32/nios2-elf/lib\libc.a(lib_a-fwalk.o)
                              c:/intelfpga_lite/19.1/nios2eds/bin/gnu/h-x86_64-mingw32/bin/../lib/gcc/nios2-elf/8.3.1/../../../../../H-x86_64-mingw32/nios2-elf/lib\libc.a(lib_a-findfp.o) (_fwalk)
c:/intelfpga_lite/19.1/nios2eds/bin/gnu/h-x86_64-mingw32/bin/../lib/gcc/nios2-elf/8.3.1/../../../../../H-x86_64-mingw32/nios2-elf/lib\libc.a(lib_a-getc.o)
[...]
Memory Configuration

Name             Origin             Length             Attributes
ddr3_ram_BEFORE_EXCEPTION 0x0000000008000000 0x0000000000000120
ddr3_ram         0x0000000008000120 0x0000000007fffee0
reset            0x0000000014000000 0x0000000000000020
ext_flash_avl_mem 0x0000000014000020 0x0000000003ffffe0
onchip_flash_data 0x0000000018200000 0x0000000000160000
descriptor_memory 0x0000000018400000 0x0000000000002000
calibration_ram  0x0000000018403400 0x0000000000000280
*default*        0x0000000000000000 0xffffffffffffffff

Linker script and memory map

LOAD d:/hit20v3/software/hit_pat/software/hit_pat_bsp//obj/HAL/src/crt0.o
LOAD obj/default/src/control.o
LOAD obj/default/src/main.o
LOAD obj/default/src/network_utilities.o
LOAD obj/default/src/sensor.o
LOAD obj/default/src/socket_server.o
LOAD obj/default/src/tse_my_system.o
LOAD obj/default/src/udpgen.o
LOAD obj/default/src/utils.o
LOAD c:/intelfpga_lite/19.1/nios2eds/bin/gnu/h-x86_64-mingw32/bin/../lib/gcc/nios2-elf/8.3.1/../../../../../H-x86_64-mingw32/nios2-elf/lib\libm.a
LOAD c:/intelfpga_lite/19.1/nios2eds/bin/gnu/h-x86_64-mingw32/bin/../lib/gcc/nios2-elf/8.3.1/../../../../../H-x86_64-mingw32/nios2-elf/lib\libstdc++.a
LOAD c:/intelfpga_lite/19.1/nios2eds/bin/gnu/h-x86_64-mingw32/bin/../lib/gcc/nios2-elf/8.3.1/../../../../../H-x86_64-mingw32/nios2-elf/lib\libm.a
LOAD c:/intelfpga_lite/19.1/nios2eds/bin/gnu/h-x86_64-mingw32/bin/../lib/gcc/nios2-elf/8.3.1\libgcc.a
START GROUP
LOAD c:/intelfpga_lite/19.1/nios2eds/bin/gnu/h-x86_64-mingw32/bin/../lib/gcc/nios2-elf/8.3.1/../../../../../H-x86_64-mingw32/nios2-elf/lib\libc.a
LOAD c:/intelfpga_lite/19.1/nios2eds/bin/gnu/h-x86_64-mingw32/bin/../lib/gcc/nios2-elf/8.3.1\libgcc.a
LOAD ../hit_pat_bsp\libucosii_bsp.a
LOAD c:/intelfpga_lite/19.1/nios2eds/bin/gnu/h-x86_64-mingw32/bin/../lib/gcc/nios2-elf/8.3.1/../../../../../H-x86_64-mingw32/nios2-elf/lib\libm.a
END GROUP
LOAD c:/intelfpga_lite/19.1/nios2eds/bin/gnu/h-x86_64-mingw32/bin/../lib/gcc/nios2-elf/8.3.1\libgcc.a
                0x0000000008000000                __alt_mem_ddr3_ram = 0x8000000
                0x0000000014000000                __alt_mem_ext_flash_avl_mem = 0x14000000
                0x0000000018200000                __alt_mem_onchip_flash_data = 0x18200000
                0x0000000018400000                __alt_mem_descriptor_memory = 0x18400000
                0x0000000018403400                __alt_mem_calibration_ram = 0x18403400

.entry          0x0000000014000000       0x20
 *(.entry)
 .entry         0x0000000014000000       0x20 d:/hit20v3/software/hit_pat/software/hit_pat_bsp//obj/HAL/src/crt0.o
                0x0000000014000000                __reset

.exceptions     0x0000000008000120      0x218
                [!provide]                        PROVIDE (__ram_exceptions_start = ABSOLUTE (.))
                0x0000000008000120                . = ALIGN (0x20)
 *(.irq)
 *(.exceptions.entry.label)
 .exceptions.entry.label
                0x0000000008000120        0x0 ../hit_pat_bsp\libucosii_bsp.a(alt_irq_entry.o)
                0x0000000008000120                alt_irq_entry
 .exceptions.entry.label
                0x0000000008000120        0x0 ../hit_pat_bsp\libucosii_bsp.a(alt_exception_entry.o)
                0x0000000008000120                alt_exception
 *(.exceptions.entry.user)
 *(.exceptions.entry.ecc_fatal)
 *(.exceptions.entry)
 .exceptions.entry
                0x0000000008000120       0x54 ../hit_pat_bsp\libucosii_bsp.a(alt_exception_entry.o)
 *(.exceptions.irqtest.user)
 *(.exceptions.irqtest)
 .exceptions.irqtest
                0x0000000008000174       0x10 ../hit_pat_bsp\libucosii_bsp.a(alt_irq_entry.o)
 *(.exceptions.irqhandler.user)
 *(.exceptions.irqhandler)
 .exceptions.irqhandler
                0x0000000008000184        0x4 ../hit_pat_bsp\libucosii_bsp.a(alt_irq_entry.o)
 *(.exceptions.irqreturn.user)
 *(.exceptions.irqreturn)
 .exceptions.irqreturn
                0x0000000008000188        0x4 ../hit_pat_bsp\libucosii_bsp.a(alt_irq_entry.o)
 *(.exceptions.notirq.label)
 .exceptions.notirq.label
                0x000000000800018c        0x0 ../hit_pat_bsp\libucosii_bsp.a(alt_irq_entry.o)
 *(.exceptions.notirq.user)
 *(.exceptions.notirq)
 .exceptions.notirq
                0x000000000800018c        0x8 ../hit_pat_bsp\libucosii_bsp.a(alt_exception_entry.o)
 *(.exceptions.soft.user)
 *(.exceptions.soft)
 *(.exceptions.unknown.user)
 *(.exceptions.unknown)
 .exceptions.unknown
                0x0000000008000194       0x14 ../hit_pat_bsp\libucosii_bsp.a(alt_exception_entry.o)
 *(.exceptions.exit.label)
 .exceptions.exit.label
                0x00000000080001a8        0x0 ../hit_pat_bsp\libucosii_bsp.a(alt_irq_entry.o)
 .exceptions.exit.label
                0x00000000080001a8        0x0 ../hit_pat_bsp\libucosii_bsp.a(alt_exception_entry.o)
 *(.exceptions.exit.user)
 *(.exceptions.exit)
 .exceptions.exit
                0x00000000080001a8       0x54 ../hit_pat_bsp\libucosii_bsp.a(alt_exception_entry.o)
 *(.exceptions)
 .exceptions    0x00000000080001fc       0xc8 ../hit_pat_bsp\libucosii_bsp.a(alt_irq_handler.o)
                0x00000000080001fc                alt_irq_handler
 .exceptions    0x00000000080002c4       0x74 ../hit_pat_bsp\libucosii_bsp.a(alt_instruction_exception_entry.o)
                0x00000000080002c4                alt_instruction_exception_entry
                [!provide]                        PROVIDE (__ram_exceptions_end = ABSOLUTE (.))
                [!provide]                        PROVIDE (__flash_exceptions_start = LOADADDR (.exceptions))

.text           0x0000000008000338    0x46670
                [!provide]                        PROVIDE (stext = ABSOLUTE (.))
 *(.interp)
 *(.hash)
 *(.dynsym)
 *(.dynstr)
 *(.gnu.version)
 *(.gnu.version_d)
 *(.gnu.version_r)
 *(.rel.init)
 *(.rela.init)
 *(.rel.text .rel.text.* .rel.gnu.linkonce.t.*)
 *(.rela.text .rela.text.* .rela.gnu.linkonce.t.*)
 *(.rel.fini)
 *(.rela.fini)
 *(.rel.rodata .rel.rodata.* .rel.gnu.linkonce.r.*)
 *(.rela.rodata .rela.rodata.* .rela.gnu.linkonce.r.*)
 *(.rel.data .rel.data.* .rel.gnu.linkonce.d.*)
 *(.rela.data .rela.data.* .rela.gnu.linkonce.d.*)
 *(.rel.tdata .rel.tdata.* .rel.gnu.linkonce.td.*)
 *(.rela.tdata .rela.tdata.* .rela.gnu.linkonce.td.*)
 *(.rel.tbss .rel.tbss.* .rel.gnu.linkonce.tb.*)
 *(.rela.tbss .rela.tbss.* .rela.gnu.linkonce.tb.*)
 *(.rel.ctors)
 *(.rela.ctors)
 *(.rel.dtors)
 *(.rela.dtors)
 *(.rel.got)
 *(.rela.got)
 *(.rel.sdata .rel.sdata.* .rel.gnu.linkonce.s.*)
 *(.rela.sdata .rela.sdata.* .rela.gnu.linkonce.s.*)
 *(.rel.sbss .rel.sbss.* .rel.gnu.linkonce.sb.*)
 *(.rela.sbss .rela.sbss.* .rela.gnu.linkonce.sb.*)
 *(.rel.sdata2 .rel.sdata2.* .rel.gnu.linkonce.s2.*)
 *(.rela.sdata2 .rela.sdata2.* .rela.gnu.linkonce.s2.*)
 *(.rel.sbss2 .rel.sbss2.* .rel.gnu.linkonce.sb2.*)
 *(.rela.sbss2 .rela.sbss2.* .rela.gnu.linkonce.sb2.*)
 *(.rel.bss .rel.bss.* .rel.gnu.linkonce.b.*)
 *(.rela.bss .rela.bss.* .rela.gnu.linkonce.b.*)
 *(.rel.plt)
 *(.rela.plt)
 *(.rel.dyn)
 *(.init)
 *(.plt)
 *(.text .stub .text.* .gnu.linkonce.t.*)
 .text          0x0000000008000338       0x48 d:/hit20v3/software/hit_pat/software/hit_pat_bsp//obj/HAL/src/crt0.o
                0x0000000008000338                _start
 .text          0x0000000008000380      0xda4 obj/default/src/control.o
                0x0000000008000380                control_delay
                0x00000000080003b0                control_pong
                0x0000000008000418                control_process_snapshot
                0x0000000008000478                check_arp
                0x00000000080004f8                control_process_config_peer
                0x000000000800080c                control_get_header
                0x00000000080008a4                control_get_data
                0x0000000008000950                control_step
                0x0000000008001064                ControlTask
                0x00000000080010f0                control_init
 .text          0x0000000008001124       0xc4 obj/default/src/main.o
                0x0000000008001124                InitialTask
                0x0000000008001178                main
 .text          0x00000000080011e8      0x998 obj/default/src/network_utilities.o
                0x00000000080011e8                get_mac_addr
                0x000000000800123c                get_ip_addr
                0x0000000008001434                get_serial_number
                0x00000000080015c8                generate_and_store_mac_addr
                0x0000000008001780                generate_mac_addr
                0x00000000080018b4                get_board_mac_addr
                0x0000000008001a54                FindLastFlashSectorOffset
 .text          0x0000000008001b80      0x19c obj/default/src/sensor.o
                0x0000000008001b80                sensor_command_bit
                0x0000000008001c08                sensor_preconfigure
 .text          0x0000000008001d1c      0x838 obj/default/src/socket_server.o
                0x0000000008001d1c                ss_reset_connection
                0x0000000008001d58                ss_initialize_connection
                0x0000000008001da8                ss_handle_accept
                0x0000000008001e90                SSListenerTask
                0x0000000008002050                ethernet_init
                0x00000000080020d0                ethernet_listen
                0x000000000800220c                ethernet_write
                0x0000000008002314                ethernet_read
                0x00000000080024cc                ethernet_close
 .text          0x0000000008002554        0x0 obj/default/src/tse_my_system.o
 .text          0x0000000008002554      0x254 obj/default/src/udpgen.o
                0x0000000008002554                udpgen_command_bit
                0x00000000080025dc                udpgen_test
 .text          0x00000000080027a8      0x488 obj/default/src/utils.o
                0x00000000080027a8                swap_bytes
                0x0000000008002840                swap_quad
                0x0000000008002904                reload_fpga
                0x0000000008002944                masterslave
                0x00000000080029cc                master_clock_period
                0x0000000008002a14                master_clock_enable
                0x0000000008002a70                led_set
                0x0000000008002abc                led_clear
                0x0000000008002b08                led_toggle
                0x0000000008002b7c                led4_blink_enable
                0x0000000008002bc8                set_delay
 .text          0x0000000008002c30        0x0 c:/intelfpga_lite/19.1/nios2eds/bin/gnu/h-x86_64-mingw32/bin/../lib/gcc/nios2-elf/8.3.1/../../../../../H-x86_64-mingw32/nios2-elf/lib\libc.a(lib_a-ctype_.o)
 .text          0x0000000008002c30        0x0 c:/intelfpga_lite/19.1/nios2eds/bin/gnu/h-x86_64-mingw32/bin/../lib/gcc/nios2-elf/8.3.1/../../../../../H-x86_64-mingw32/nios2-elf/lib\libc.a(lib_a-getchar.o)
 .text._getchar_r
                0x0000000008002c30        0x8 c:/intelfpga_lite/19.1/nios2eds/bin/gnu/h-x86_64-mingw32/bin/../lib/gcc/nios2-elf/8.3.1/../../../../../H-x86_64-mingw32/nios2-elf/lib\libc.a(lib_a-getchar.o)
                0x0000000008002c30                _getchar_r
 .text.getchar  0x0000000008002c38       0x10 c:/intelfpga_lite/19.1/nios2eds/bin/gnu/h-x86_64-mingw32/bin/../lib/gcc/nios2-elf/8.3.1/../../../../../H-x86_64-mingw32/nios2-elf/lib\libc.a(lib_a-getchar.o)
                0x0000000008002c38                getchar
 .text          0x0000000008002c48        0x0 c:/intelfpga_lite/19.1/nios2eds/bin/gnu/h-x86_64-mingw32/bin/../lib/gcc/nios2-elf/8.3.1/../../../../../H-x86_64-mingw32/nios2-elf/lib\libc.a(lib_a-impure.o)
 .text          0x0000000008002c48        0x0 c:/intelfpga_lite/19.1/nios2eds/bin/gnu/h-x86_64-mingw32/bin/../lib/gcc/nios2-elf/8.3.1/../../../../../H-x86_64-mingw32/nios2-elf/lib\libc.a(lib_a-printf.o)
 .text._printf_r
                0x0000000008002c48       0x30 c:/intelfpga_lite/19.1/nios2eds/bin/gnu/h-x86_64-mingw32/bin/../lib/gcc/nios2-elf/8.3.1/../../../../../H-x86_64-mingw32/nios2-elf/lib\libc.a(lib_a-printf.o)
                0x0000000008002c48                _printf_r
 .text.printf   0x0000000008002c78       0x38 c:/intelfpga_lite/19.1/nios2eds/bin/gnu/h-x86_64-mingw32/bin/../lib/gcc/nios2-elf/8.3.1/../../../../../H-x86_64-mingw32/nios2-elf/lib\libc.a(lib_a-printf.o)
                0x0000000008002c78                printf
 .text          0x0000000008002cb0        0x0 c:/intelfpga_lite/19.1/nios2eds/bin/gnu/h-x86_64-mingw32/bin/../lib/gcc/nios2-elf/8.3.1/../../../../../H-x86_64-mingw32/nios2-elf/lib\libc.a(lib_a-putchar.o)
 .text._putchar_r
                0x0000000008002cb0        0x8 c:/intelfpga_lite/19.1/nios2eds/bin/gnu/h-x86_64-mingw32/bin/../lib/gcc/nios2-elf/8.3.1/../../../../../H-x86_64-mingw32/nios2-elf/lib\libc.a(lib_a-putchar.o)
                0x0000000008002cb0                _putchar_r
 .text.putchar  0x0000000008002cb8       0x18 c:/intelfpga_lite/19.1/nios2eds/bin/gnu/h-x86_64-mingw32/bin/../lib/gcc/nios2-elf/8.3.1/../../../../../H-x86_64-mingw32/nios2-elf/lib\libc.a(lib_a-putchar.o)
                0x0000000008002cb8                putchar
 .text          0x0000000008002cd0        0x0 c:/intelfpga_lite/19.1/nios2eds/bin/gnu/h-x86_64-mingw32/bin/../lib/gcc/nios2-elf/8.3.1/../../../../../H-x86_64-mingw32/nios2-elf/lib\libc.a(lib_a-puts.o)
 .text._puts_r  0x0000000008002cd0       0xcc c:/intelfpga_lite/19.1/nios2eds/bin/gnu/h-x86_64-mingw32/bin/../lib/gcc/nios2-elf/8.3.1/../../../../../H-x86_64-mingw32/nios2-elf/lib\libc.a(lib_a-puts.o)
                0x0000000008002cd0                _puts_r
 .text.puts     0x0000000008002d9c       0x10 c:/intelfpga_lite/19.1/nios2eds/bin/gnu/h-x86_64-mingw32/bin/../lib/gcc/nios2-elf/8.3.1/../../../../../H-x86_64-mingw32/nios2-elf/lib\libc.a(lib_a-puts.o)
                0x0000000008002d9c                puts
 .text          0x0000000008002dac        0x0 c:/intelfpga_lite/19.1/nios2eds/bin/gnu/h-x86_64-mingw32/bin/../lib/gcc/nios2-elf/8.3.1/../../../../../H-x86_64-mingw32/nios2-elf/lib\libc.a(lib_a-strlen.o)
 .text.strlen   0x0000000008002dac       0x98 c:/intelfpga_lite/19.1/nios2eds/bin/gnu/h-x86_64-mingw32/bin/../lib/gcc/nios2-elf/8.3.1/../../../../../H-x86_64-mingw32/nios2-elf/lib\libc.a(lib_a-strlen.o)
                0x0000000008002dac                strlen
 .text          0x0000000008002e44        0x0 c:/intelfpga_lite/19.1/nios2eds/bin/gnu/h-x86_64-mingw32/bin/../lib/gcc/nios2-elf/8.3.1/../../../../../H-x86_64-mingw32/nios2-elf/lib\libc.a(lib_a-vfprintf.o)
 .text.___vfprintf_internal_r
                0x0000000008002e44     0x2160 c:/intelfpga_lite/19.1/nios2eds/bin/gnu/h-x86_64-mingw32/bin/../lib/gcc/nios2-elf/8.3.1/../../../../../H-x86_64-mingw32/nios2-elf/lib\libc.a(lib_a-vfprintf.o)
                0x0000000008002e44                ___vfprintf_internal_r
 .text.__vfprintf_internal
                0x0000000008004fa4       0x18 c:/intelfpga_lite/19.1/nios2eds/bin/gnu/h-x86_64-mingw32/bin/../lib/gcc/nios2-elf/8.3.1/../../../../../H-x86_64-mingw32/nios2-elf/lib\libc.a(lib_a-vfprintf.o)
                0x0000000008004fa4                __vfprintf_internal
 .text.__sbprintf
                0x0000000008004fbc       0xc0 c:/intelfpga_lite/19.1/nios2eds/bin/gnu/h-x86_64-mingw32/bin/../lib/gcc/nios2-elf/8.3.1/../../../../../H-x86_64-mingw32/nios2-elf/lib\libc.a(lib_a-vfprintf.o)
 .text          0x000000000800507c        0x0 c:/intelfpga_lite/19.1/nios2eds/bin/gnu/h-x86_64-mingw32/bin/../lib/gcc/nios2-elf/8.3.1/../../../../../H-x86_64-mingw32/nios2-elf/lib\libc.a(lib_a-wsetup.o)
 .text.__swsetup_r
                0x000000000800507c      0x160 c:/intelfpga_lite/19.1/nios2eds/bin/gnu/h-x86_64-mingw32/bin/../lib/gcc/nios2-elf/8.3.1/../../../../../H-x86_64-mingw32/nios2-elf/lib\libc.a(lib_a-wsetup.o)
                0x000000000800507c                __swsetup_r
 .text          0x00000000080051dc        0x0 c:/intelfpga_lite/19.1/nios2eds/bin/gnu/h-x86_64-mingw32/bin/../lib/gcc/nios2-elf/8.3.1/../../../../../H-x86_64-mingw32/nios2-elf/lib\libc.a(lib_a-dtoa.o)
 .text.quorem   0x00000000080051dc      0x210 c:/intelfpga_lite/19.1/nios2eds/bin/gnu/h-x86_64-mingw32/bin/../lib/gcc/nios2-elf/8.3.1/../../../../../H-x86_64-mingw32/nios2-elf/lib\libc.a(lib_a-dtoa.o)
 .text._dtoa_r  0x00000000080053ec     0x16c8 c:/intelfpga_lite/19.1/nios2eds/bin/gnu/h-x86_64-mingw32/bin/../lib/gcc/nios2-elf/8.3.1/../../../../../H-x86_64-mingw32/nios2-elf/lib\libc.a(lib_a-dtoa.o)
                0x00000000080053ec                _dtoa_r
 .text          0x0000000008006ab4        0x0 c:/intelfpga_lite/19.1/nios2eds/bin/gnu/h-x86_64-mingw32/bin/../lib/gcc/nios2-elf/8.3.1/../../../../../H-x86_64-mingw32/nios2-elf/lib\libc.a(lib_a-fflush.o)
 .text.__sflush_r
                0x0000000008006ab4      0x228 c:/intelfpga_lite/19.1/nios2eds/bin/gnu/h-x86_64-mingw32/bin/../lib/gcc/nios2-elf/8.3.1/../../../../../H-x86_64-mingw32/nios2-elf/lib\libc.a(lib_a-fflush.o)
                0x0000000008006ab4                __sflush_r
 .text._fflush_r
                0x0000000008006cdc       0x60 c:/intelfpga_lite/19.1/nios2eds/bin/gnu/h-x86_64-mingw32/bin/../lib/gcc/nios2-elf/8.3.1/../../../../../H-x86_64-mingw32/nios2-elf/lib\libc.a(lib_a-fflush.o)
                0x0000000008006cdc                _fflush_r
 .text.fflush   0x0000000008006d3c       0x28 c:/intelfpga_lite/19.1/nios2eds/bin/gnu/h-x86_64-mingw32/bin/../lib/gcc/nios2-elf/8.3.1/../../../../../H-x86_64-mingw32/nios2-elf/lib\libc.a(lib_a-fflush.o)
                0x0000000008006d3c                fflush
 .text          0x0000000008006d64        0x0 c:/intelfpga_lite/19.1/nios2eds/bin/gnu/h-x86_64-mingw32/bin/../lib/gcc/nios2-elf/8.3.1/../../../../../H-x86_64-mingw32/nios2-elf/lib\libc.a(lib_a-findfp.o)
 .text.__fp_lock
                0x0000000008006d64        0x8 c:/intelfpga_lite/19.1/nios2eds/bin/gnu/h-x86_64-mingw32/bin/../lib/gcc/nios2-elf/8.3.1/../../../../../H-x86_64-mingw32/nios2-elf/lib\libc.a(lib_a-findfp.o)
 .text._cleanup_r
                0x0000000008006d6c        0xc c:/intelfpga_lite/19.1/nios2eds/bin/gnu/h-x86_64-mingw32/bin/../lib/gcc/nios2-elf/8.3.1/../../../../../H-x86_64-mingw32/nios2-elf/lib\libc.a(lib_a-findfp.o)
                0x0000000008006d6c                _cleanup_r
 .text.__sinit.part.0
                0x0000000008006d78      0x168 c:/intelfpga_lite/19.1/nios2eds/bin/gnu/h-x86_64-mingw32/bin/../lib/gcc/nios2-elf/8.3.1/../../../../../H-x86_64-mingw32/nios2-elf/lib\libc.a(lib_a-findfp.o)
 .text.__fp_unlock
                0x0000000008006ee0        0x8 c:/intelfpga_lite/19.1/nios2eds/bin/gnu/h-x86_64-mingw32/bin/../lib/gcc/nios2-elf/8.3.1/../../../../../H-x86_64-mingw32/nios2-elf/lib\libc.a(lib_a-findfp.o)
 .text.__sfmoreglue
                0x0000000008006ee8       0x68 c:/intelfpga_lite/19.1/nios2eds/bin/gnu/h-x86_64-mingw32/bin/../lib/gcc/nios2-elf/8.3.1/../../../../../H-x86_64-mingw32/nios2-elf/lib\libc.a(lib_a-findfp.o)
                0x0000000008006ee8                __sfmoreglue
 .text.__sfp    0x0000000008006f50       0xfc c:/intelfpga_lite/19.1/nios2eds/bin/gnu/h-x86_64-mingw32/bin/../lib/gcc/nios2-elf/8.3.1/../../../../../H-x86_64-mingw32/nios2-elf/lib\libc.a(lib_a-findfp.o)
                0x0000000008006f50                __sfp
 .text._cleanup
                0x000000000800704c       0x14 c:/intelfpga_lite/19.1/nios2eds/bin/gnu/h-x86_64-mingw32/bin/../lib/gcc/nios2-elf/8.3.1/../../../../../H-x86_64-mingw32/nios2-elf/lib\libc.a(lib_a-findfp.o)
                0x000000000800704c                _cleanup
 .text.__sinit  0x0000000008007060       0x10 c:/intelfpga_lite/19.1/nios2eds/bin/gnu/h-x86_64-mingw32/bin/../lib/gcc/nios2-elf/8.3.1/../../../../../H-x86_64-mingw32/nios2-elf/lib\libc.a(lib_a-findfp.o)
                0x0000000008007060                __sinit
 .text.__sfp_lock_acquire
                0x0000000008007070        0x4 c:/intelfpga_lite/19.1/nios2eds/bin/gnu/h-x86_64-mingw32/bin/../lib/gcc/nios2-elf/8.3.1/../../../../../H-x86_64-mingw32/nios2-elf/lib\libc.a(lib_a-findfp.o)
                0x0000000008007070                __sfp_lock_acquire
 .text.__sfp_lock_release
                0x0000000008007074        0x4 c:/intelfpga_lite/19.1/nios2eds/bin/gnu/h-x86_64-mingw32/bin/../lib/gcc/nios2-elf/8.3.1/../../../../../H-x86_64-mingw32/nios2-elf/lib\libc.a(lib_a-findfp.o)
                0x0000000008007074                __sfp_lock_release
 .text.__sinit_lock_acquire
                0x0000000008007078        0x4 c:/intelfpga_lite/19.1/nios2eds/bin/gnu/h-x86_64-mingw32/bin/../lib/gcc/nios2-elf/8.3.1/../../../../../H-x86_64-mingw32/nios2-elf/lib\libc.a(lib_a-findfp.o)
                0x0000000008007078                __sinit_lock_acquire
 .text.__sinit_lock_release
                0x000000000800707c        0x4 c:/intelfpga_lite/19.1/nios2eds/bin/gnu/h-x86_64-mingw32/bin/../lib/gcc/nios2-elf/8.3.1/../../../../../H-x86_64-mingw32/nios2-elf/lib\libc.a(lib_a-findfp.o)
                0x000000000800707c                __sinit_lock_release
 .text.__fp_lock_all
                0x0000000008007080       0x14 c:/intelfpga_lite/19.1/nios2eds/bin/gnu/h-x86_64-mingw32/bin/../lib/gcc/nios2-elf/8.3.1/../../../../../H-x86_64-mingw32/nios2-elf/lib\libc.a(lib_a-findfp.o)
                0x0000000008007080                __fp_lock_all
 .text.__fp_unlock_all
                0x0000000008007094       0x14 c:/intelfpga_lite/19.1/nios2eds/bin/gnu/h-x86_64-mingw32/bin/../lib/gcc/nios2-elf/8.3.1/../../../../../H-x86_64-mingw32/nios2-elf/lib\libc.a(lib_a-findfp.o)
                0x0000000008007094                __fp_unlock_all
 .text          0x00000000080070a8        0x0 c:/intelfpga_lite/19.1/nios2eds/bin/gnu/h-x86_64-mingw32/bin/../lib/gcc/nios2-elf/8.3.1/../../../../../H-x86_64-mingw32/nios2-elf/lib\libc.a(lib_a-freer.o)
 .text._malloc_trim_r
                0x00000000080070a8      0x11c c:/intelfpga_lite/19.1/nios2eds/bin/gnu/h-x86_64-mingw32/bin/../lib/gcc/nios2-elf/8.3.1/../../../../../H-x86_64-mingw32/nios2-elf/lib\libc.a(lib_a-freer.o)
                0x00000000080070a8                _malloc_trim_r
 .text._free_r  0x00000000080071c4      0x2fc c:/intelfpga_lite/19.1/nios2eds/bin/gnu/h-x86_64-mingw32/bin/../lib/gcc/nios2-elf/8.3.1/../../../../../H-x86_64-mingw32/nios2-elf/lib\libc.a(lib_a-freer.o)
                0x00000000080071c4                _free_r
 .text          0x00000000080074c0        0x0 c:/intelfpga_lite/19.1/nios2eds/bin/gnu/h-x86_64-mingw32/bin/../lib/gcc/nios2-elf/8.3.1/../../../../../H-x86_64-mingw32/nios2-elf/lib\libc.a(lib_a-fvwrite.o)
 .text.__sfvwrite_r
                0x00000000080074c0      0x4c4 c:/intelfpga_lite/19.1/nios2eds/bin/gnu/h-x86_64-mingw32/bin/../lib/gcc/nios2-elf/8.3.1/../../../../../H-x86_64-mingw32/nios2-elf/lib\libc.a(lib_a-fvwrite.o)
                0x00000000080074c0                __sfvwrite_r
 .text          0x0000000008007984        0x0 c:/intelfpga_lite/19.1/nios2eds/bin/gnu/h-x86_64-mingw32/bin/../lib/gcc/nios2-elf/8.3.1/../../../../../H-x86_64-mingw32/nios2-elf/lib\libc.a(lib_a-fwalk.o)
 .text._fwalk   0x0000000008007984       0xa4 c:/intelfpga_lite/19.1/nios2eds/bin/gnu/h-x86_64-mingw32/bin/../lib/gcc/nios2-elf/8.3.1/../../../../../H-x86_64-mingw32/nios2-elf/lib\libc.a(lib_a-fwalk.o)
                0x0000000008007984                _fwalk
 .text._fwalk_reent
                0x0000000008007a28       0xb4 c:/intelfpga_lite/19.1/nios2eds/bin/gnu/h-x86_64-mingw32/bin/../lib/gcc/nios2-elf/8.3.1/../../../../../H-x86_64-mingw32/nios2-elf/lib\libc.a(lib_a-fwalk.o)
                0x0000000008007a28                _fwalk_reent
 .text          0x0000000008007adc        0x0 c:/intelfpga_lite/19.1/nios2eds/bin/gnu/h-x86_64-mingw32/bin/../lib/gcc/nios2-elf/8.3.1/../../../../../H-x86_64-mingw32/nios2-elf/lib\libc.a(lib_a-getc.o)
 .text._getc_r  0x0000000008007adc       0x7c c:/intelfpga_lite/19.1/nios2eds/bin/gnu/h-x86_64-mingw32/bin/../lib/gcc/nios2-elf/8.3.1/../../../../../H-x86_64-mingw32/nios2-elf/lib\libc.a(lib_a-getc.o)
                0x0000000008007adc                _getc_r
 .text.getc     0x0000000008007b58       0x90 c:/intelfpga_lite/19.1/nios2eds/bin/gnu/h-x86_64-mingw32/bin/../lib/gcc/nios2-elf/8.3.1/../../../../../H-x86_64-mingw32/nios2-elf/lib\libc.a(lib_a-getc.o)
                0x0000000008007b58                getc
 .text          0x0000000008007be8        0x0 c:/intelfpga_lite/19.1/nios2eds/bin/gnu/h-x86_64-mingw32/bin/../lib/gcc/nios2-elf/8.3.1/../../../../../H-x86_64-mingw32/nios2-elf/lib\libc.a(lib_a-localeconv.o)
 .text.__localeconv_l
                0x0000000008007be8        0x8 c:/intelfpga_lite/19.1/nios2eds/bin/gnu/h-x86_64-mingw32/bin/../lib/gcc/nios2-elf/8.3.1/../../../../../H-x86_64-mingw32/nios2-elf/lib\libc.a(lib_a-localeconv.o)
                0x0000000008007be8                __localeconv_l
 .text._localeconv_r
                0x0000000008007bf0        0xc c:/intelfpga_lite/19.1/nios2eds/bin/gnu/h-x86_64-mingw32/bin/../lib/gcc/nios2-elf/8.3.1/../../../../../H-x86_64-mingw32/nios2-elf/lib\libc.a(lib_a-localeconv.o)
                0x0000000008007bf0                _localeconv_r
 .text.localeconv
                0x0000000008007bfc        0xc c:/intelfpga_lite/19.1/nios2eds/bin/gnu/h-x86_64-mingw32/bin/../lib/gcc/nios2-elf/8.3.1/../../../../../H-x86_64-mingw32/nios2-elf/lib\libc.a(lib_a-localeconv.o)
                0x0000000008007bfc                localeconv
 .text          0x0000000008007c08        0x0 c:/intelfpga_lite/19.1/nios2eds/bin/gnu/h-x86_64-mingw32/bin/../lib/gcc/nios2-elf/8.3.1/../../../../../H-x86_64-mingw32/nios2-elf/lib\libc.a(lib_a-makebuf.o)
 .text.__swhatbuf_r
                0x0000000008007c08       0x98 c:/intelfpga_lite/19.1/nios2eds/bin/gnu/h-x86_64-mingw32/bin/../lib/gcc/nios2-elf/8.3.1/../../../../../H-x86_64-mingw32/nios2-elf/lib\libc.a(lib_a-makebuf.o)
                0x0000000008007c08                __swhatbuf_r
 .text.__smakebuf_r
                0x0000000008007ca0      0x13c c:/intelfpga_lite/19.1/nios2eds/bin/gnu/h-x86_64-mingw32/bin/../lib/gcc/nios2-elf/8.3.1/../../../../../H-x86_64-mingw32/nios2-elf/lib\libc.a(lib_a-makebuf.o)
                0x0000000008007ca0                __smakebuf_r
 .text          0x0000000008007ddc        0x0 c:/intelfpga_lite/19.1/nios2eds/bin/gnu/h-x86_64-mingw32/bin/../lib/gcc/nios2-elf/8.3.1/../../../../../H-x86_64-mingw32/nios2-elf/lib\libc.a(lib_a-mallocr.o)
 .text._malloc_r
                0x0000000008007ddc      0x7f4 c:/intelfpga_lite/19.1/nios2eds/bin/gnu/h-x86_64-mingw32/bin/../lib/gcc/nios2-elf/8.3.1/../../../../../H-x86_64-mingw32/nios2-elf/lib\libc.a(lib_a-mallocr.o)
                0x0000000008007ddc                _malloc_r
 .text          0x00000000080085d0        0x0 c:/intelfpga_lite/19.1/nios2eds/bin/gnu/h-x86_64-mingw32/bin/../lib/gcc/nios2-elf/8.3.1/../../../../../H-x86_64-mingw32/nios2-elf/lib\libc.a(lib_a-memchr.o)
 .text.memchr   0x00000000080085d0       0xe8 c:/intelfpga_lite/19.1/nios2eds/bin/gnu/h-x86_64-mingw32/bin/../lib/gcc/nios2-elf/8.3.1/../../../../../H-x86_64-mingw32/nios2-elf/lib\libc.a(lib_a-memchr.o)
                0x00000000080085d0                memchr
 .text          0x00000000080086b8        0x0 c:/intelfpga_lite/19.1/nios2eds/bin/gnu/h-x86_64-mingw32/bin/../lib/gcc/nios2-elf/8.3.1/../../../../../H-x86_64-mingw32/nios2-elf/lib\libc.a(lib_a-memcpy.o)
 .text.memcpy   0x00000000080086b8      0x100 c:/intelfpga_lite/19.1/nios2eds/bin/gnu/h-x86_64-mingw32/bin/../lib/gcc/nios2-elf/8.3.1/../../../../../H-x86_64-mingw32/nios2-elf/lib\libc.a(lib_a-memcpy.o)
                0x00000000080086b8                memcpy
 .text          0x00000000080087b8        0x0 c:/intelfpga_lite/19.1/nios2eds/bin/gnu/h-x86_64-mingw32/bin/../lib/gcc/nios2-elf/8.3.1/../../../../../H-x86_64-mingw32/nios2-elf/lib\libc.a(lib_a-memmove.o)
 .text.memmove  0x00000000080087b8      0x12c c:/intelfpga_lite/19.1/nios2eds/bin/gnu/h-x86_64-mingw32/bin/../lib/gcc/nios2-elf/8.3.1/../../../../../H-x86_64-mingw32/nios2-elf/lib\libc.a(lib_a-memmove.o)
                0x00000000080087b8                memmove
 .text          0x00000000080088e4        0x0 c:/intelfpga_lite/19.1/nios2eds/bin/gnu/h-x86_64-mingw32/bin/../lib/gcc/nios2-elf/8.3.1/../../../../../H-x86_64-mingw32/nios2-elf/lib\libc.a(lib_a-memset.o)
 .text.memset   0x00000000080088e4       0xf0 c:/intelfpga_lite/19.1/nios2eds/bin/gnu/h-x86_64-mingw32/bin/../lib/gcc/nios2-elf/8.3.1/../../../../../H-x86_64-mingw32/nios2-elf/lib\libc.a(lib_a-memset.o)
                0x00000000080088e4                memset
 .text          0x00000000080089d4        0x0 c:/intelfpga_lite/19.1/nios2eds/bin/gnu/h-x86_64-mingw32/bin/../lib/gcc/nios2-elf/8.3.1/../../../../../H-x86_64-mingw32/nios2-elf/lib\libc.a(lib_a-mprec.o)
 .text._Balloc  0x00000000080089d4       0xa4 c:/intelfpga_lite/19.1/nios2eds/bin/gnu/h-x86_64-mingw32/bin/../lib/gcc/nios2-elf/8.3.1/../../../../../H-x86_64-mingw32/nios2-elf/lib\libc.a(lib_a-mprec.o)
                0x00000000080089d4                _Balloc
 .text._Bfree   0x0000000008008a78       0x24 c:/intelfpga_lite/19.1/nios2eds/bin/gnu/h-x86_64-mingw32/bin/../lib/gcc/nios2-elf/8.3.1/../../../../../H-x86_64-mingw32/nios2-elf/lib\libc.a(lib_a-mprec.o)
                0x0000000008008a78                _Bfree
 .text.__multadd
                0x0000000008008a9c      0x114 c:/intelfpga_lite/19.1/nios2eds/bin/gnu/h-x86_64-mingw32/bin/../lib/gcc/nios2-elf/8.3.1/../../../../../H-x86_64-mingw32/nios2-elf/lib\libc.a(lib_a-mprec.o)
                0x0000000008008a9c                __multadd
 .text.__s2b    0x0000000008008bb0      0x110 c:/intelfpga_lite/19.1/nios2eds/bin/gnu/h-x86_64-mingw32/bin/../lib/gcc/nios2-elf/8.3.1/../../../../../H-x86_64-mingw32/nios2-elf/lib\libc.a(lib_a-mprec.o)
                0x0000000008008bb0                __s2b
 .text.__hi0bits
                0x0000000008008cc0       0x64 c:/intelfpga_lite/19.1/nios2eds/bin/gnu/h-x86_64-mingw32/bin/../lib/gcc/nios2-elf/8.3.1/../../../../../H-x86_64-mingw32/nios2-elf/lib\libc.a(lib_a-mprec.o)
                0x0000000008008cc0                __hi0bits
 .text.__lo0bits
                0x0000000008008d24       0xb0 c:/intelfpga_lite/19.1/nios2eds/bin/gnu/h-x86_64-mingw32/bin/../lib/gcc/nios2-elf/8.3.1/../../../../../H-x86_64-mingw32/nios2-elf/lib\libc.a(lib_a-mprec.o)
                0x0000000008008d24                __lo0bits
 .text.__i2b    0x0000000008008dd4       0x34 c:/intelfpga_lite/19.1/nios2eds/bin/gnu/h-x86_64-mingw32/bin/../lib/gcc/nios2-elf/8.3.1/../../../../../H-x86_64-mingw32/nios2-elf/lib\libc.a(lib_a-mprec.o)
                0x0000000008008dd4                __i2b
 .text.__multiply
                0x0000000008008e08      0x1ec c:/intelfpga_lite/19.1/nios2eds/bin/gnu/h-x86_64-mingw32/bin/../lib/gcc/nios2-elf/8.3.1/../../../../../H-x86_64-mingw32/nios2-elf/lib\libc.a(lib_a-mprec.o)
                0x0000000008008e08                __multiply
 .text.__pow5mult
                0x0000000008008ff4      0x128 c:/intelfpga_lite/19.1/nios2eds/bin/gnu/h-x86_64-mingw32/bin/../lib/gcc/nios2-elf/8.3.1/../../../../../H-x86_64-mingw32/nios2-elf/lib\libc.a(lib_a-mprec.o)
                0x0000000008008ff4                __pow5mult
 .text.__lshift
                0x000000000800911c      0x13c c:/intelfpga_lite/19.1/nios2eds/bin/gnu/h-x86_64-mingw32/bin/../lib/gcc/nios2-elf/8.3.1/../../../../../H-x86_64-mingw32/nios2-elf/lib\libc.a(lib_a-mprec.o)
                0x000000000800911c                __lshift
 .text.__mcmp   0x0000000008009258       0x58 c:/intelfpga_lite/19.1/nios2eds/bin/gnu/h-x86_64-mingw32/bin/../lib/gcc/nios2-elf/8.3.1/../../../../../H-x86_64-mingw32/nios2-elf/lib\libc.a(lib_a-mprec.o)
                0x0000000008009258                __mcmp
 .text.__mdiff  0x00000000080092b0      0x1bc c:/intelfpga_lite/19.1/nios2eds/bin/gnu/h-x86_64-mingw32/bin/../lib/gcc/nios2-elf/8.3.1/../../../../../H-x86_64-mingw32/nios2-elf/lib\libc.a(lib_a-mprec.o)
                0x00000000080092b0                __mdiff
 .text.__ulp    0x000000000800946c       0x5c c:/intelfpga_lite/19.1/nios2eds/bin/gnu/h-x86_64-mingw32/bin/../lib/gcc/nios2-elf/8.3.1/../../../../../H-x86_64-mingw32/nios2-elf/lib\libc.a(lib_a-mprec.o)
                0x000000000800946c                __ulp
 .text.__b2d    0x00000000080094c8      0x104 c:/intelfpga_lite/19.1/nios2eds/bin/gnu/h-x86_64-mingw32/bin/../lib/gcc/nios2-elf/8.3.1/../../../../../H-x86_64-mingw32/nios2-elf/lib\libc.a(lib_a-mprec.o)
                0x00000000080094c8                __b2d
 .text.__d2b    0x00000000080095cc      0x148 c:/intelfpga_lite/19.1/nios2eds/bin/gnu/h-x86_64-mingw32/bin/../lib/gcc/nios2-elf/8.3.1/../../../../../H-x86_64-mingw32/nios2-elf/lib\libc.a(lib_a-mprec.o)
                0x00000000080095cc                __d2b
 .text.__ratio  0x0000000008009714       0xa8 c:/intelfpga_lite/19.1/nios2eds/bin/gnu/h-x86_64-mingw32/bin/../lib/gcc/nios2-elf/8.3.1/../../../../../H-x86_64-mingw32/nios2-elf/lib\libc.a(lib_a-mprec.o)
                0x0000000008009714                __ratio
 .text._mprec_log10
                0x00000000080097bc       0x74 c:/intelfpga_lite/19.1/nios2eds/bin/gnu/h-x86_64-mingw32/bin/../lib/gcc/nios2-elf/8.3.1/../../../../../H-x86_64-mingw32/nios2-elf/lib\libc.a(lib_a-mprec.o)
                0x00000000080097bc                _mprec_log10
 .text.__copybits
                0x0000000008009830       0x6c c:/intelfpga_lite/19.1/nios2eds/bin/gnu/h-x86_64-mingw32/bin/../lib/gcc/nios2-elf/8.3.1/../../../../../H-x86_64-mingw32/nios2-elf/lib\libc.a(lib_a-mprec.o)
                0x0000000008009830                __copybits
 .text.__any_on
                0x000000000800989c       0x74 c:/intelfpga_lite/19.1/nios2eds/bin/gnu/h-x86_64-mingw32/bin/../lib/gcc/nios2-elf/8.3.1/../../../../../H-x86_64-mingw32/nios2-elf/lib\libc.a(lib_a-mprec.o)
                0x000000000800989c                __any_on
 .text          0x0000000008009910        0x0 c:/intelfpga_lite/19.1/nios2eds/bin/gnu/h-x86_64-mingw32/bin/../lib/gcc/nios2-elf/8.3.1/../../../../../H-x86_64-mingw32/nios2-elf/lib\libc.a(lib_a-putc.o)
 .text._putc_r  0x0000000008009910       0xcc c:/intelfpga_lite/19.1/nios2eds/bin/gnu/h-x86_64-mingw32/bin/../lib/gcc/nios2-elf/8.3.1/../../../../../H-x86_64-mingw32/nios2-elf/lib\libc.a(lib_a-putc.o)
                0x0000000008009910                _putc_r
 .text.putc     0x00000000080099dc       0xe0 c:/intelfpga_lite/19.1/nios2eds/bin/gnu/h-x86_64-mingw32/bin/../lib/gcc/nios2-elf/8.3.1/../../../../../H-x86_64-mingw32/nios2-elf/lib\libc.a(lib_a-putc.o)
                0x00000000080099dc                putc
 .text          0x0000000008009abc        0x0 c:/intelfpga_lite/19.1/nios2eds/bin/gnu/h-x86_64-mingw32/bin/../lib/gcc/nios2-elf/8.3.1/../../../../../H-x86_64-mingw32/nios2-elf/lib\libc.a(lib_a-reallocr.o)
 .text._realloc_r
                0x0000000008009abc      0x62c c:/intelfpga_lite/19.1/nios2eds/bin/gnu/h-x86_64-mingw32/bin/../lib/gcc/nios2-elf/8.3.1/../../../../../H-x86_64-mingw32/nios2-elf/lib\libc.a(lib_a-reallocr.o)
                0x0000000008009abc                _realloc_r
 .text          0x000000000800a0e8        0x0 c:/intelfpga_lite/19.1/nios2eds/bin/gnu/h-x86_64-mingw32/bin/../lib/gcc/nios2-elf/8.3.1/../../../../../H-x86_64-mingw32/nios2-elf/lib\libc.a(lib_a-rget.o)
 .text.__srget_r
                0x000000000800a0e8       0x74 c:/intelfpga_lite/19.1/nios2eds/bin/gnu/h-x86_64-mingw32/bin/../lib/gcc/nios2-elf/8.3.1/../../../../../H-x86_64-mingw32/nios2-elf/lib\libc.a(lib_a-rget.o)
                0x000000000800a0e8                __srget_r
 .text.__srget  0x000000000800a15c       0x10 c:/intelfpga_lite/19.1/nios2eds/bin/gnu/h-x86_64-mingw32/bin/../lib/gcc/nios2-elf/8.3.1/../../../../../H-x86_64-mingw32/nios2-elf/lib\libc.a(lib_a-rget.o)
                0x000000000800a15c                __srget
 .text          0x000000000800a16c        0x0 c:/intelfpga_lite/19.1/nios2eds/bin/gnu/h-x86_64-mingw32/bin/../lib/gcc/nios2-elf/8.3.1/../../../../../H-x86_64-mingw32/nios2-elf/lib\libc.a(lib_a-sbrkr.o)
 .text._sbrk_r  0x000000000800a16c       0x58 c:/intelfpga_lite/19.1/nios2eds/bin/gnu/h-x86_64-mingw32/bin/../lib/gcc/nios2-elf/8.3.1/../../../../../H-x86_64-mingw32/nios2-elf/lib\libc.a(lib_a-sbrkr.o)
                0x000000000800a16c                _sbrk_r
 .text          0x000000000800a1c4        0x0 c:/intelfpga_lite/19.1/nios2eds/bin/gnu/h-x86_64-mingw32/bin/../lib/gcc/nios2-elf/8.3.1/../../../../../H-x86_64-mingw32/nios2-elf/lib\libc.a(lib_a-stdio.o)
 .text.__sread  0x000000000800a1c4       0x54 c:/intelfpga_lite/19.1/nios2eds/bin/gnu/h-x86_64-mingw32/bin/../lib/gcc/nios2-elf/8.3.1/../../../../../H-x86_64-mingw32/nios2-elf/lib\libc.a(lib_a-stdio.o)
                0x000000000800a1c4                __sread
 .text.__seofread
                0x000000000800a218        0x8 c:/intelfpga_lite/19.1/nios2eds/bin/gnu/h-x86_64-mingw32/bin/../lib/gcc/nios2-elf/8.3.1/../../../../../H-x86_64-mingw32/nios2-elf/lib\libc.a(lib_a-stdio.o)
                0x000000000800a218                __seofread
 .text.__swrite
                0x000000000800a220       0x80 c:/intelfpga_lite/19.1/nios2eds/bin/gnu/h-x86_64-mingw32/bin/../lib/gcc/nios2-elf/8.3.1/../../../../../H-x86_64-mingw32/nios2-elf/lib\libc.a(lib_a-stdio.o)
                0x000000000800a220                __swrite
 .text.__sseek  0x000000000800a2a0       0x5c c:/intelfpga_lite/19.1/nios2eds/bin/gnu/h-x86_64-mingw32/bin/../lib/gcc/nios2-elf/8.3.1/../../../../../H-x86_64-mingw32/nios2-elf/lib\libc.a(lib_a-stdio.o)
                0x000000000800a2a0                __sseek
 .text.__sclose
                0x000000000800a2fc        0x8 c:/intelfpga_lite/19.1/nios2eds/bin/gnu/h-x86_64-mingw32/bin/../lib/gcc/nios2-elf/8.3.1/../../../../../H-x86_64-mingw32/nios2-elf/lib\libc.a(lib_a-stdio.o)
                0x000000000800a2fc                __sclose
 .text          0x000000000800a304        0x0 c:/intelfpga_lite/19.1/nios2eds/bin/gnu/h-x86_64-mingw32/bin/../lib/gcc/nios2-elf/8.3.1/../../../../../H-x86_64-mingw32/nios2-elf/lib\libc.a(lib_a-vfiprintf.o)
 .text.__sprint_r.part.0
                0x000000000800a304       0xf4 c:/intelfpga_lite/19.1/nios2eds/bin/gnu/h-x86_64-mingw32/bin/../lib/gcc/nios2-elf/8.3.1/../../../../../H-x86_64-mingw32/nios2-elf/lib\libc.a(lib_a-vfiprintf.o)
 .text.__sprint_r
                0x000000000800a3f8       0x18 c:/intelfpga_lite/19.1/nios2eds/bin/gnu/h-x86_64-mingw32/bin/../lib/gcc/nios2-elf/8.3.1/../../../../../H-x86_64-mingw32/nios2-elf/lib\libc.a(lib_a-vfiprintf.o)
                0x000000000800a3f8                __sprint_r
 .text.___vfiprintf_internal_r
                0x000000000800a410     0x132c c:/intelfpga_lite/19.1/nios2eds/bin/gnu/h-x86_64-mingw32/bin/../lib/gcc/nios2-elf/8.3.1/../../../../../H-x86_64-mingw32/nios2-elf/lib\libc.a(lib_a-vfiprintf.o)
                0x000000000800a410                ___vfiprintf_internal_r
 .text.__vfiprintf_internal
                0x000000000800b73c       0x18 c:/intelfpga_lite/19.1/nios2eds/bin/gnu/h-x86_64-mingw32/bin/../lib/gcc/nios2-elf/8.3.1/../../../../../H-x86_64-mingw32/nios2-elf/lib\libc.a(lib_a-vfiprintf.o)
                0x000000000800b73c                __vfiprintf_internal
 .text.__sbprintf
                0x000000000800b754       0xc0 c:/intelfpga_lite/19.1/nios2eds/bin/gnu/h-x86_64-mingw32/bin/../lib/gcc/nios2-elf/8.3.1/../../../../../H-x86_64-mingw32/nios2-elf/lib\libc.a(lib_a-vfiprintf.o)
 .text          0x000000000800b814        0x0 c:/intelfpga_lite/19.1/nios2eds/bin/gnu/h-x86_64-mingw32/bin/../lib/gcc/nios2-elf/8.3.1/../../../../../H-x86_64-mingw32/nios2-elf/lib\libc.a(lib_a-wbuf.o)
 .text.__swbuf_r
                0x000000000800b814      0x148 c:/intelfpga_lite/19.1/nios2eds/bin/gnu/h-x86_64-mingw32/bin/../lib/gcc/nios2-elf/8.3.1/../../../../../H-x86_64-mingw32/nios2-elf/lib\libc.a(lib_a-wbuf.o)
                0x000000000800b814                __swbuf_r
 .text.__swbuf  0x000000000800b95c       0x14 c:/intelfpga_lite/19.1/nios2eds/bin/gnu/h-x86_64-mingw32/bin/../lib/gcc/nios2-elf/8.3.1/../../../../../H-x86_64-mingw32/nios2-elf/lib\libc.a(lib_a-wbuf.o)
                0x000000000800b95c                __swbuf
 .text          0x000000000800b970        0x0 c:/intelfpga_lite/19.1/nios2eds/bin/gnu/h-x86_64-mingw32/bin/../lib/gcc/nios2-elf/8.3.1/../../../../../H-x86_64-mingw32/nios2-elf/lib\libc.a(lib_a-writer.o)
 .text._write_r
                0x000000000800b970       0x64 c:/intelfpga_lite/19.1/nios2eds/bin/gnu/h-x86_64-mingw32/bin/../lib/gcc/nios2-elf/8.3.1/../../../../../H-x86_64-mingw32/nios2-elf/lib\libc.a(lib_a-writer.o)
                0x000000000800b970                _write_r
 .text          0x000000000800b9d4        0x0 c:/intelfpga_lite/19.1/nios2eds/bin/gnu/h-x86_64-mingw32/bin/../lib/gcc/nios2-elf/8.3.1/../../../../../H-x86_64-mingw32/nios2-elf/lib\libc.a(closer.o)
 .text._close_r
                0x000000000800b9d4       0x58 c:/intelfpga_lite/19.1/nios2eds/bin/gnu/h-x86_64-mingw32/bin/../lib/gcc/nios2-elf/8.3.1/../../../../../H-x86_64-mingw32/nios2-elf/lib\libc.a(closer.o)
                0x000000000800b9d4                _close_r
 .text          0x000000000800ba2c        0x0 c:/intelfpga_lite/19.1/nios2eds/bin/gnu/h-x86_64-mingw32/bin/../lib/gcc/nios2-elf/8.3.1/../../../../../H-x86_64-mingw32/nios2-elf/lib\libc.a(lib_a-callocr.o)
 .text._calloc_r
                0x000000000800ba2c       0xb8 c:/intelfpga_lite/19.1/nios2eds/bin/gnu/h-x86_64-mingw32/bin/../lib/gcc/nios2-elf/8.3.1/../../../../../H-x86_64-mingw32/nios2-elf/lib\libc.a(lib_a-callocr.o)
                0x000000000800ba2c                _calloc_r
 .text          0x000000000800bae4        0x0 c:/intelfpga_lite/19.1/nios2eds/bin/gnu/h-x86_64-mingw32/bin/../lib/gcc/nios2-elf/8.3.1/../../../../../H-x86_64-mingw32/nios2-elf/lib\libc.a(lib_a-fclose.o)
 .text._fclose_r
                0x000000000800bae4       0xf8 c:/intelfpga_lite/19.1/nios2eds/bin/gnu/h-x86_64-mingw32/bin/../lib/gcc/nios2-elf/8.3.1/../../../../../H-x86_64-mingw32/nios2-elf/lib\libc.a(lib_a-fclose.o)
                0x000000000800bae4                _fclose_r
 .text.fclose   0x000000000800bbdc       0x10 c:/intelfpga_lite/19.1/nios2eds/bin/gnu/h-x86_64-mingw32/bin/../lib/gcc/nios2-elf/8.3.1/../../../../../H-x86_64-mingw32/nios2-elf/lib\libc.a(lib_a-fclose.o)
                0x000000000800bbdc                fclose
 .text          0x000000000800bbec        0x0 c:/intelfpga_lite/19.1/nios2eds/bin/gnu/h-x86_64-mingw32/bin/../lib/gcc/nios2-elf/8.3.1/../../../../../H-x86_64-mingw32/nios2-elf/lib\libc.a(lib_a-fputwc.o)
 .text.__fputwc
                0x000000000800bbec      0x150 c:/intelfpga_lite/19.1/nios2eds/bin/gnu/h-x86_64-mingw32/bin/../lib/gcc/nios2-elf/8.3.1/../../../../../H-x86_64-mingw32/nios2-elf/lib\libc.a(lib_a-fputwc.o)
                0x000000000800bbec                __fputwc
 .text._fputwc_r
                0x000000000800bd3c       0x24 c:/intelfpga_lite/19.1/nios2eds/bin/gnu/h-x86_64-mingw32/bin/../lib/gcc/nios2-elf/8.3.1/../../../../../H-x86_64-mingw32/nios2-elf/lib\libc.a(lib_a-fputwc.o)
                0x000000000800bd3c                _fputwc_r
 .text.fputwc   0x000000000800bd60       0x7c c:/intelfpga_lite/19.1/nios2eds/bin/gnu/h-x86_64-mingw32/bin/../lib/gcc/nios2-elf/8.3.1/../../../../../H-x86_64-mingw32/nios2-elf/lib\libc.a(lib_a-fputwc.o)
                0x000000000800bd60                fputwc
 .text          0x000000000800bddc        0x0 c:/intelfpga_lite/19.1/nios2eds/bin/gnu/h-x86_64-mingw32/bin/../lib/gcc/nios2-elf/8.3.1/../../../../../H-x86_64-mingw32/nios2-elf/lib\libc.a(lib_a-fstatr.o)
 .text._fstat_r
                0x000000000800bddc       0x60 c:/intelfpga_lite/19.1/nios2eds/bin/gnu/h-x86_64-mingw32/bin/../lib/gcc/nios2-elf/8.3.1/../../../../../H-x86_64-mingw32/nios2-elf/lib\libc.a(lib_a-fstatr.o)
                0x000000000800bddc                _fstat_r
 .text          0x000000000800be3c        0x0 c:/intelfpga_lite/19.1/nios2eds/bin/gnu/h-x86_64-mingw32/bin/../lib/gcc/nios2-elf/8.3.1/../../../../../H-x86_64-mingw32/nios2-elf/lib\libc.a(lib_a-int_errno.o)
 .text          0x000000000800be3c        0x0 c:/intelfpga_lite/19.1/nios2eds/bin/gnu/h-x86_64-mingw32/bin/../lib/gcc/nios2-elf/8.3.1/../../../../../H-x86_64-mingw32/nios2-elf/lib\libc.a(lib_a-isattyr.o)
 .text._isatty_r
                0x000000000800be3c       0x58 c:/intelfpga_lite/19.1/nios2eds/bin/gnu/h-x86_64-mingw32/bin/../lib/gcc/nios2-elf/8.3.1/../../../../../H-x86_64-mingw32/nios2-elf/lib\libc.a(lib_a-isattyr.o)
                0x000000000800be3c                _isatty_r
 .text          0x000000000800be94        0x0 c:/intelfpga_lite/19.1/nios2eds/bin/gnu/h-x86_64-mingw32/bin/../lib/gcc/nios2-elf/8.3.1/../../../../../H-x86_64-mingw32/nios2-elf/lib\libc.a(lib_a-locale.o)
 .text._setlocale_r
                0x000000000800be94       0x70 c:/intelfpga_lite/19.1/nios2eds/bin/gnu/h-x86_64-mingw32/bin/../lib/gcc/nios2-elf/8.3.1/../../../../../H-x86_64-mingw32/nios2-elf/lib\libc.a(lib_a-locale.o)
                0x000000000800be94                _setlocale_r
 .text.__locale_mb_cur_max
                0x000000000800bf04        0xc c:/intelfpga_lite/19.1/nios2eds/bin/gnu/h-x86_64-mingw32/bin/../lib/gcc/nios2-elf/8.3.1/../../../../../H-x86_64-mingw32/nios2-elf/lib\libc.a(lib_a-locale.o)
                0x000000000800bf04                __locale_mb_cur_max
 .text.setlocale
                0x000000000800bf10       0x14 c:/intelfpga_lite/19.1/nios2eds/bin/gnu/h-x86_64-mingw32/bin/../lib/gcc/nios2-elf/8.3.1/../../../../../H-x86_64-mingw32/nios2-elf/lib\libc.a(lib_a-locale.o)
                0x000000000800bf10                setlocale
 .text          0x000000000800bf24        0x0 c:/intelfpga_lite/19.1/nios2eds/bin/gnu/h-x86_64-mingw32/bin/../lib/gcc/nios2-elf/8.3.1/../../../../../H-x86_64-mingw32/nios2-elf/lib\libc.a(lib_a-lseekr.o)
 .text._lseek_r
                0x000000000800bf24       0x64 c:/intelfpga_lite/19.1/nios2eds/bin/gnu/h-x86_64-mingw32/bin/../lib/gcc/nios2-elf/8.3.1/../../../../../H-x86_64-mingw32/nios2-elf/lib\libc.a(lib_a-lseekr.o)
                0x000000000800bf24                _lseek_r
 .text          0x000000000800bf88        0x0 c:/intelfpga_lite/19.1/nios2eds/bin/gnu/h-x86_64-mingw32/bin/../lib/gcc/nios2-elf/8.3.1/../../../../../H-x86_64-mingw32/nios2-elf/lib\libc.a(lib_a-mbtowc_r.o)
 .text._mbtowc_r
                0x000000000800bf88        0xc c:/intelfpga_lite/19.1/nios2eds/bin/gnu/h-x86_64-mingw32/bin/../lib/gcc/nios2-elf/8.3.1/../../../../../H-x86_64-mingw32/nios2-elf/lib\libc.a(lib_a-mbtowc_r.o)
                0x000000000800bf88                _mbtowc_r
 .text.__ascii_mbtowc
                0x000000000800bf94       0x44 c:/intelfpga_lite/19.1/nios2eds/bin/gnu/h-x86_64-mingw32/bin/../lib/gcc/nios2-elf/8.3.1/../../../../../H-x86_64-mingw32/nios2-elf/lib\libc.a(lib_a-mbtowc_r.o)
                0x000000000800bf94                __ascii_mbtowc
 .text          0x000000000800bfd8        0x0 c:/intelfpga_lite/19.1/nios2eds/bin/gnu/h-x86_64-mingw32/bin/../lib/gcc/nios2-elf/8.3.1/../../../../../H-x86_64-mingw32/nios2-elf/lib\libc.a(lib_a-readr.o)
 .text._read_r  0x000000000800bfd8       0x64 c:/intelfpga_lite/19.1/nios2eds/bin/gnu/h-x86_64-mingw32/bin/../lib/gcc/nios2-elf/8.3.1/../../../../../H-x86_64-mingw32/nios2-elf/lib\libc.a(lib_a-readr.o)
                0x000000000800bfd8                _read_r
 .text          0x000000000800c03c        0x0 c:/intelfpga_lite/19.1/nios2eds/bin/gnu/h-x86_64-mingw32/bin/../lib/gcc/nios2-elf/8.3.1/../../../../../H-x86_64-mingw32/nios2-elf/lib\libc.a(lib_a-refill.o)
 .text.lflush   0x000000000800c03c       0x1c c:/intelfpga_lite/19.1/nios2eds/bin/gnu/h-x86_64-mingw32/bin/../lib/gcc/nios2-elf/8.3.1/../../../../../H-x86_64-mingw32/nios2-elf/lib\libc.a(lib_a-refill.o)
 .text.__srefill_r
                0x000000000800c058      0x1cc c:/intelfpga_lite/19.1/nios2eds/bin/gnu/h-x86_64-mingw32/bin/../lib/gcc/nios2-elf/8.3.1/../../../../../H-x86_64-mingw32/nios2-elf/lib\libc.a(lib_a-refill.o)
                0x000000000800c058                __srefill_r
 .text          0x000000000800c224        0x0 c:/intelfpga_lite/19.1/nios2eds/bin/gnu/h-x86_64-mingw32/bin/../lib/gcc/nios2-elf/8.3.1/../../../../../H-x86_64-mingw32/nios2-elf/lib\libc.a(lib_a-strcmp.o)
 .text.strcmp   0x000000000800c224       0xd8 c:/intelfpga_lite/19.1/nios2eds/bin/gnu/h-x86_64-mingw32/bin/../lib/gcc/nios2-elf/8.3.1/../../../../../H-x86_64-mingw32/nios2-elf/lib\libc.a(lib_a-strcmp.o)
                0x000000000800c224                strcmp
 .text          0x000000000800c2fc        0x0 c:/intelfpga_lite/19.1/nios2eds/bin/gnu/h-x86_64-mingw32/bin/../lib/gcc/nios2-elf/8.3.1/../../../../../H-x86_64-mingw32/nios2-elf/lib\libc.a(lib_a-wcrtomb.o)
 .text._wcrtomb_r
                0x000000000800c2fc       0x6c c:/intelfpga_lite/19.1/nios2eds/bin/gnu/h-x86_64-mingw32/bin/../lib/gcc/nios2-elf/8.3.1/../../../../../H-x86_64-mingw32/nios2-elf/lib\libc.a(lib_a-wcrtomb.o)
                0x000000000800c2fc                _wcrtomb_r
 .text.wcrtomb  0x000000000800c368       0x84 c:/intelfpga_lite/19.1/nios2eds/bin/gnu/h-x86_64-mingw32/bin/../lib/gcc/nios2-elf/8.3.1/../../../../../H-x86_64-mingw32/nios2-elf/lib\libc.a(lib_a-wcrtomb.o)
                0x000000000800c368                wcrtomb
 .text          0x000000000800c3ec        0x0 c:/intelfpga_lite/19.1/nios2eds/bin/gnu/h-x86_64-mingw32/bin/../lib/gcc/nios2-elf/8.3.1/../../../../../H-x86_64-mingw32/nios2-elf/lib\libc.a(lib_a-wctomb_r.o)
 .text._wctomb_r
                0x000000000800c3ec        0xc c:/intelfpga_lite/19.1/nios2eds/bin/gnu/h-x86_64-mingw32/bin/../lib/gcc/nios2-elf/8.3.1/../../../../../H-x86_64-mingw32/nios2-elf/lib\libc.a(lib_a-wctomb_r.o)
                0x000000000800c3ec                _wctomb_r
 .text.__ascii_wctomb
                0x000000000800c3f8       0x30 c:/intelfpga_lite/19.1/nios2eds/bin/gnu/h-x86_64-mingw32/bin/../lib/gcc/nios2-elf/8.3.1/../../../../../H-x86_64-mingw32/nios2-elf/lib\libc.a(lib_a-wctomb_r.o)
                0x000000000800c3f8                __ascii_wctomb
 .text          0x000000000800c428      0x598 c:/intelfpga_lite/19.1/nios2eds/bin/gnu/h-x86_64-mingw32/bin/../lib/gcc/nios2-elf/8.3.1\libgcc.a(_udivdi3.o)
                0x000000000800c428                __udivdi3
 .text          0x000000000800c9c0      0x540 c:/intelfpga_lite/19.1/nios2eds/bin/gnu/h-x86_64-mingw32/bin/../lib/gcc/nios2-elf/8.3.1\libgcc.a(_umoddi3.o)
                0x000000000800c9c0                __umoddi3
 .text          0x000000000800cf00      0x1b8 c:/intelfpga_lite/19.1/nios2eds/bin/gnu/h-x86_64-mingw32/bin/../lib/gcc/nios2-elf/8.3.1\libgcc.a(lib2-divmod.o)
                0x000000000800cf00                __divsi3
                0x000000000800cf80                __modsi3
                0x000000000800cff8                __udivsi3
                0x000000000800d05c                __umodsi3
 .text          0x000000000800d0b8      0x9a0 c:/intelfpga_lite/19.1/nios2eds/bin/gnu/h-x86_64-mingw32/bin/../lib/gcc/nios2-elf/8.3.1\libgcc.a(adddf3.o)
                0x000000000800d0b8                __adddf3
 .text          0x000000000800da58      0x8a8 c:/intelfpga_lite/19.1/nios2eds/bin/gnu/h-x86_64-mingw32/bin/../lib/gcc/nios2-elf/8.3.1\libgcc.a(divdf3.o)
                0x000000000800da58                __divdf3
 .text          0x000000000800e300       0x80 c:/intelfpga_lite/19.1/nios2eds/bin/gnu/h-x86_64-mingw32/bin/../lib/gcc/nios2-elf/8.3.1\libgcc.a(eqdf2.o)
                0x000000000800e300                __nedf2
                0x000000000800e300                __eqdf2
 .text          0x000000000800e380       0xf0 c:/intelfpga_lite/19.1/nios2eds/bin/gnu/h-x86_64-mingw32/bin/../lib/gcc/nios2-elf/8.3.1\libgcc.a(gedf2.o)
                0x000000000800e380                __gedf2
                0x000000000800e380                __gtdf2
 .text          0x000000000800e470       0xf0 c:/intelfpga_lite/19.1/nios2eds/bin/gnu/h-x86_64-mingw32/bin/../lib/gcc/nios2-elf/8.3.1\libgcc.a(ledf2.o)
                0x000000000800e470                __ledf2
                0x000000000800e470                __ltdf2
 .text          0x000000000800e560      0x68c c:/intelfpga_lite/19.1/nios2eds/bin/gnu/h-x86_64-mingw32/bin/../lib/gcc/nios2-elf/8.3.1\libgcc.a(muldf3.o)
                0x000000000800e560                __muldf3
 .text          0x000000000800ebec      0x96c c:/intelfpga_lite/19.1/nios2eds/bin/gnu/h-x86_64-mingw32/bin/../lib/gcc/nios2-elf/8.3.1\libgcc.a(subdf3.o)
                0x000000000800ebec                __subdf3
 .text          0x000000000800f558       0x54 c:/intelfpga_lite/19.1/nios2eds/bin/gnu/h-x86_64-mingw32/bin/../lib/gcc/nios2-elf/8.3.1\libgcc.a(unorddf2.o)
                0x000000000800f558                __unorddf2
 .text          0x000000000800f5ac       0x80 c:/intelfpga_lite/19.1/nios2eds/bin/gnu/h-x86_64-mingw32/bin/../lib/gcc/nios2-elf/8.3.1\libgcc.a(fixdfsi.o)
                0x000000000800f5ac                __fixdfsi
 .text          0x000000000800f62c       0xc8 c:/intelfpga_lite/19.1/nios2eds/bin/gnu/h-x86_64-mingw32/bin/../lib/gcc/nios2-elf/8.3.1\libgcc.a(floatsidf.o)
                0x000000000800f62c                __floatsidf
 .text          0x000000000800f6f4       0x9c c:/intelfpga_lite/19.1/nios2eds/bin/gnu/h-x86_64-mingw32/bin/../lib/gcc/nios2-elf/8.3.1\libgcc.a(floatunsidf.o)
                0x000000000800f6f4                __floatunsidf
 .text          0x000000000800f790        0x0 c:/intelfpga_lite/19.1/nios2eds/bin/gnu/h-x86_64-mingw32/bin/../lib/gcc/nios2-elf/8.3.1\libgcc.a(_clz.o)
 .text          0x000000000800f790       0x54 c:/intelfpga_lite/19.1/nios2eds/bin/gnu/h-x86_64-mingw32/bin/../lib/gcc/nios2-elf/8.3.1\libgcc.a(_clzsi2.o)
                0x000000000800f790                __clzsi2
 .text          0x000000000800f7e4       0xbc ../hit_pat_bsp\libucosii_bsp.a(alt_flash_dev.o)
                0x000000000800f7e4                alt_flash_open_dev
                0x000000000800f84c                alt_flash_close_dev
 .text          0x000000000800f8a0       0xec ../hit_pat_bsp\libucosii_bsp.a(alt_fstat.o)
                0x000000000800f8dc                fstat
 .text          0x000000000800f98c       0xe0 ../hit_pat_bsp\libucosii_bsp.a(alt_isatty.o)
                0x000000000800f9c8                isatty
 .text          0x000000000800fa6c      0x110 ../hit_pat_bsp\libucosii_bsp.a(alt_lseek.o)
                0x000000000800faa8                lseek
 .text          0x000000000800fb7c       0xbc ../hit_pat_bsp\libucosii_bsp.a(alt_main.o)
                0x000000000800fb7c                alt_main
 .text          0x000000000800fc38       0xb0 ../hit_pat_bsp\libucosii_bsp.a(alt_sbrk.o)
                0x000000000800fc38                sbrk
 .text          0x000000000800fce8      0x124 ../hit_pat_bsp\libucosii_bsp.a(alt_env_lock.o)
                0x000000000800fce8                __env_lock
                0x000000000800fdac                __env_unlock
 .text          0x000000000800fe0c      0x1ec ../hit_pat_bsp\libucosii_bsp.a(alt_malloc_lock.o)
                0x000000000800fe0c                __malloc_lock
                0x000000000800ff2c                __malloc_unlock
 .text          0x000000000800fff8     0x1ba0 ../hit_pat_bsp\libucosii_bsp.a(os_core.o)
                0x000000000800fff8                OSEventNameGet
                0x00000000080100d0                OSEventNameSet
                0x00000000080101d0                OSEventPendMulti
                0x000000000801077c                OSInit
                0x00000000080107cc                OSIntEnter
                0x0000000008010818                OSIntExit
                0x0000000008010908                OSSchedLock
                0x0000000008010994                OSSchedUnlock
                0x0000000008010a70                OSStart
                0x0000000008010ad8                OSTimeTick
                0x0000000008010c98                OSVersion
                0x0000000008010cb8                OS_Dummy
                0x0000000008010cd8                OS_EventTaskRdy
                0x0000000008010e60                OS_EventTaskWait
                0x0000000008010f68                OS_EventTaskWaitMulti
                0x00000000080110b0                OS_EventTaskRemove
                0x0000000008011160                OS_EventTaskRemoveMulti
                0x0000000008011258                OS_EventWaitListInit
                0x00000000080115b0                OS_MemClr
                0x0000000008011604                OS_MemCopy
                0x000000000801166c                OS_Sched
                0x00000000080117a0                OS_StrCopy
                0x0000000008011814                OS_StrLen
                0x0000000008011868                OS_TaskIdle
                0x00000000080118c4                OS_TCBInit
 .text          0x0000000008011b98     0x15b8 ../hit_pat_bsp\libucosii_bsp.a(os_flag.o)
                0x0000000008011b98                OSFlagAccept
                0x0000000008011e78                OSFlagCreate
                0x0000000008011f70                OSFlagDel
                0x000000000801218c                OSFlagNameGet
                0x000000000801226c                OSFlagNameSet
                0x0000000008012378                OSFlagPend
                0x0000000008012910                OSFlagPendGetFlagsRdy
                0x0000000008012970                OSFlagPost
                0x0000000008012cdc                OSFlagQuery
                0x0000000008012ed8                OS_FlagInit
                0x00000000080130ac                OS_FlagUnlink
 .text          0x0000000008013150      0x5d4 ../hit_pat_bsp\libucosii_bsp.a(os_mem.o)
                0x0000000008013150                OSMemCreate
                0x0000000008013298                OSMemGet
                0x000000000801335c                OSMemNameGet
                0x0000000008013404                OSMemNameSet
                0x00000000080134d8                OSMemPut
                0x0000000008013590                OSMemQuery
                0x0000000008013658                OS_MemInit
 .text          0x0000000008013724      0xfe0 ../hit_pat_bsp\libucosii_bsp.a(os_mutex.o)
                0x0000000008013724                OSMutexAccept
                0x000000000801389c                OSMutexCreate
                0x0000000008013a1c                OSMutexDel
                0x0000000008013cdc                OSMutexPend
                0x0000000008014238                OSMutexPost
                0x0000000008014430                OSMutexQuery
 .text          0x0000000008014704      0xfd0 ../hit_pat_bsp\libucosii_bsp.a(os_q.o)
                0x0000000008014704                OSQAccept
                0x0000000008014818                OSQCreate
                0x00000000080149bc                OSQDel
                0x0000000008014c10                OSQFlush
                0x0000000008014c9c                OSQPend
                0x0000000008014efc                OSQPendAbort
                0x000000000801503c                OSQPost
                0x0000000008015194                OSQPostFront
                0x00000000080152f4                OSQPostOpt
                0x00000000080154f0                OSQQuery
                0x000000000801562c                OS_QInit
 .text          0x00000000080156d4      0x978 ../hit_pat_bsp\libucosii_bsp.a(os_sem.o)
                0x00000000080156d4                OSSemAccept
                0x0000000008015774                OSSemCreate
                0x000000000801584c                OSSemDel
                0x0000000008015a60                OSSemPend
                0x0000000008015c44                OSSemPendAbort
                0x0000000008015d84                OSSemPost
                0x0000000008015e84                OSSemQuery
                0x0000000008015f74                OSSemSet
 .text          0x000000000801604c     0x12c0 ../hit_pat_bsp\libucosii_bsp.a(os_task.o)
                0x000000000801604c                OSTaskChangePrio
                0x00000000080164cc                OSTaskCreate
                0x000000000801664c                OSTaskCreateExt
                0x00000000080167f0                OSTaskDel
                0x0000000008016b04                OSTaskDelReq
                0x0000000008016c2c                OSTaskNameGet
                0x0000000008016d64                OSTaskNameSet
                0x0000000008016ec0                OSTaskResume
                0x0000000008017078                OSTaskSuspend
                0x0000000008017220                OSTaskQuery
 .text          0x000000000801730c      0x488 ../hit_pat_bsp\libucosii_bsp.a(os_time.o)
                0x000000000801730c                OSTimeDly
                0x0000000008017410                OSTimeDlyHMSM
                0x000000000801750c                OSTimeDlyResume
                0x00000000080176d8                OSTimeGet
                0x0000000008017734                OSTimeSet
 .text          0x0000000008017794      0x298 ../hit_pat_bsp\libucosii_bsp.a(alt_sys_init.o)
                0x00000000080177c8                alt_irq_init
                0x0000000008017800                alt_sys_init
 .text          0x0000000008017a2c       0xf4 ../hit_pat_bsp\libucosii_bsp.a(altera_avalon_timer_sc.o)
                0x0000000008017aa4                alt_avalon_timer_sc_init
 .text          0x0000000008017b20     0x4f20 ../hit_pat_bsp\libucosii_bsp.a(altera_avalon_tse.o)
                0x0000000008017b20                no_printf
                0x0000000008017b50                tse_mac_initTransInfo2
                0x0000000008017bb0                tse_mac_sTxWrite
                0x0000000008017c78                tse_mac_aRxRead
                0x0000000008017ce8                tse_mac_aTxWrite
                0x0000000008017d58                tse_mac_SwReset
                0x0000000008017de0                tse_mac_setMIImode
                0x0000000008017e34                tse_mac_setGMIImode
                0x0000000008017e84                alt_tse_phy_add_profile
                0x0000000008018038                alt_tse_system_add_sys
                0x00000000080188fc                alt_tse_sys_enable_mdio_sharing
                0x0000000008018a40                alt_tse_mac_get_common_speed
                0x0000000008018a80                alt_tse_mac_set_common_speed
                0x0000000008018ac8                alt_tse_get_system_index
                0x0000000008018b34                alt_tse_get_mac_group_index
                0x0000000008018ba0                alt_tse_get_mac_info_index
                0x0000000008018c1c                alt_tse_get_mac_info
                0x0000000008018ce8                alt_tse_mac_set_speed
                0x0000000008018dc8                alt_tse_mac_set_duplex
                0x0000000008018e54                getPHYSpeed
                0x00000000080198cc                alt_tse_phy_rd_mdio_addr
                0x0000000008019914                alt_tse_phy_wr_mdio_addr
                0x000000000801996c                alt_tse_phy_wr_mdio_reg
                0x0000000008019a98                alt_tse_phy_rd_mdio_reg
                0x0000000008019b68                alt_tse_phy_add_profile_default
                0x0000000008019e30                alt_tse_phy_print_profile
                0x000000000801a000                alt_tse_mac_group_init
                0x000000000801a698                alt_tse_mac_get_phy
                0x000000000801aaa4                alt_tse_mac_associate_phy
                0x000000000801ace4                alt_tse_phy_cfg_pcs
                0x000000000801ae0c                alt_tse_phy_init
                0x000000000801af18                alt_tse_phy_restart_an
                0x000000000801b0dc                alt_tse_phy_check_link
                0x000000000801b264                alt_tse_phy_get_cap
                0x000000000801b7f0                alt_tse_phy_set_adv_1000
                0x000000000801b9b4                alt_tse_phy_set_adv_100
                0x000000000801bc08                alt_tse_phy_set_adv_10
                0x000000000801bdb0                alt_tse_phy_get_common_speed
                0x000000000801c0cc                alt_tse_phy_set_common_speed
                0x000000000801c57c                marvell_phy_cfg
                0x000000000801c614                marvell_cfg_gmii
                0x000000000801c6f8                marvell_cfg_sgmii
                0x000000000801c7dc                marvell_cfg_rgmii
                0x000000000801c8cc                DP83848C_link_status_read
                0x000000000801c944                PEF7071_config
                0x000000000801c9a0                PEF7071_link_status_read
 .text          0x000000000801ca40      0x110 ../hit_pat_bsp\libucosii_bsp.a(altera_avalon_uart_fd.o)
                0x000000000801ca40                altera_avalon_uart_read_fd
                0x000000000801caa0                altera_avalon_uart_write_fd
                0x000000000801cb00                altera_avalon_uart_close_fd
 .text          0x000000000801cb50      0x524 ../hit_pat_bsp\libucosii_bsp.a(altera_avalon_uart_init.o)
                0x000000000801cb50                altera_avalon_uart_init
                0x000000000801d020                altera_avalon_uart_close
 .text          0x000000000801d074      0x2a4 ../hit_pat_bsp\libucosii_bsp.a(altera_avalon_uart_read.o)
                0x000000000801d0b0                altera_avalon_uart_read
 .text          0x000000000801d318      0x270 ../hit_pat_bsp\libucosii_bsp.a(altera_avalon_uart_write.o)
                0x000000000801d354                altera_avalon_uart_write
 .text          0x000000000801d588      0xb14 ../hit_pat_bsp\libucosii_bsp.a(altera_generic_quad_spi_controller.o)
                0x000000000801d5bc                alt_qspi_controller_lock
                0x000000000801d6cc                alt_qspi_controller_get_info
                0x000000000801d758                alt_qspi_controller_erase_block
                0x000000000801d87c                alt_qspi_controller_write_block
                0x000000000801da8c                alt_qspi_controller_write
                0x000000000801dc74                alt_qspi_controller_read
                0x000000000801dd20                altera_qspi_controller_init
 .text          0x000000000801e09c     0x213c ../hit_pat_bsp\libucosii_bsp.a(altera_msgdma.o)
                0x000000000801ed40                alt_msgdma_construct_standard_st_to_mm_descriptor
                0x000000000801ed98                alt_msgdma_construct_standard_mm_to_st_descriptor
                0x000000000801edf0                alt_msgdma_construct_standard_mm_to_mm_descriptor
                0x000000000801ee48                alt_msgdma_construct_extended_st_to_mm_descriptor
                0x000000000801eed8                alt_msgdma_construct_extended_mm_to_st_descriptor
                0x000000000801ef68                alt_msgdma_construct_extended_mm_to_mm_descriptor
                0x000000000801f248                alt_msgdma_construct_prefetcher_standard_mm_to_mm_descriptor
                0x000000000801f2a0                alt_msgdma_construct_prefetcher_standard_st_to_mm_descriptor
                0x000000000801f2f8                alt_msgdma_construct_prefetcher_standard_mm_to_st_descriptor
                0x000000000801f350                alt_msgdma_construct_prefetcher_extended_st_to_mm_descriptor
                0x000000000801f3f0                alt_msgdma_construct_prefetcher_extended_mm_to_st_descriptor
                0x000000000801f488                alt_msgdma_construct_prefetcher_extended_mm_to_mm_descriptor
                0x000000000801f540                alt_msgdma_prefetcher_add_standard_desc_to_list
                0x000000000801f630                alt_msgdma_prefetcher_add_extended_desc_to_list
                0x000000000801f7c8                alt_msgdma_prefetcher_set_std_list_own_by_hw_bits
                0x000000000801f8d8                alt_msgdma_prefetcher_set_extd_list_own_by_hw_bits
                0x000000000801fa24                alt_msgdma_start_prefetcher_with_list_addr
                0x000000000801fd34                alt_msgdma_start_prefetcher_with_std_desc_list
                0x000000000801fde4                alt_msgdma_start_prefetcher_with_extd_desc_list
                0x000000000801fe94                alt_msgdma_open
                0x000000000801feec                alt_msgdma_init
                0x0000000008020094                alt_msgdma_register_callback
                0x00000000080200e8                alt_msgdma_standard_descriptor_async_transfer
                0x0000000008020124                alt_msgdma_extended_descriptor_async_transfer
                0x0000000008020160                alt_msgdma_standard_descriptor_sync_transfer
                0x000000000802019c                alt_msgdma_extended_descriptor_sync_transfer
 .text          0x00000000080201d8      0xf00 ../hit_pat_bsp\libucosii_bsp.a(altera_onchip_flash.o)
                0x000000000802020c                alt_onchip_flash_read
                0x00000000080202d8                alt_onchip_flash_get_info
                0x0000000008020374                alt_onchip_flash_erase_block
                0x00000000080204dc                alt_onchip_flash_write_block
                0x00000000080207b4                alt_onchip_flash_write
                0x0000000008020a80                altera_onchip_flash_init
                0x0000000008020f20                alt_onchip_flash_poll_for_status_to_go_idle
                0x0000000008020fb0                alt_onchip_flash_poll_for_status_erase_passed
                0x0000000008021044                alt_onchip_flash_poll_for_status_write_passed
 .text          0x00000000080210d8     0x1988 ../hit_pat_bsp\libucosii_bsp.a(ins_tse_mac.o)
                0x00000000080210d8                altera_eth_tse_init
                0x0000000008021220                prep_tse_mac
                0x000000000802144c                msgdma_reset
                0x00000000080214c4                tse_mac_init
                0x0000000008021f28                tse_msgdma_write_init
                0x0000000008022048                tse_mac_raw_send
                0x0000000008022210                tse_msgdmaRx_isr
                0x00000000080223a8                tse_msgdmaTx_isr
                0x0000000008022408                tse_msgdma_read_init
                0x00000000080226c0                allocate_rx_descriptor_chain
                0x00000000080227f8                tse_mac_rcv
                0x0000000008022944                tse_mac_stats
                0x0000000008022984                tse_mac_close
 .text          0x0000000008022a60       0x48 ../hit_pat_bsp\libucosii_bsp.a(alt_iniche_close.o)
                0x0000000008022a60                close
 .text          0x0000000008022aa8      0x124 ../hit_pat_bsp\libucosii_bsp.a(alt_iniche_dev.o)
                0x0000000008022aa8                iniche_devices_init
 .text          0x0000000008022bcc       0x70 ../hit_pat_bsp\libucosii_bsp.a(alt_iniche_read.o)
                0x0000000008022bcc                read
 .text          0x0000000008022c3c       0x68 ../hit_pat_bsp\libucosii_bsp.a(alt_iniche_write.o)
                0x0000000008022c3c                write
 .text          0x0000000008022ca4     0x13e4 ../hit_pat_bsp\libucosii_bsp.a(et_arp.o)
                0x0000000008022ca4                etainit
                0x0000000008022cec                et_send
                0x0000000008022e6c                arp_free_pending
                0x0000000008022ef4                arp_send_pending
                0x0000000008022f68                send_arp
                0x00000000080233bc                find_oldest_arp
                0x0000000008023528                make_arp_entry
                0x0000000008023624                arpReply
                0x00000000080238e4                arprcv
                0x0000000008023b48                send_via_arp
                0x0000000008023cc4                cb_arpent_tmo
                0x0000000008023dd0                grat_arp
 .text          0x0000000008024088      0x25c ../hit_pat_bsp\libucosii_bsp.a(iface.o)
                0x0000000008024088                if_getbynum
                0x00000000080240f4                isbcast
                0x00000000080241c8                reg_type
                0x0000000008024254                if_killsocks
 .text          0x00000000080242e4      0xc9c ../hit_pat_bsp\libucosii_bsp.a(ipnet.o)
                0x00000000080242e4                Netinit
                0x00000000080247b4                fixup_subnet_mask
                0x00000000080248e4                netclose
                0x00000000080249c4                pktdemux
                0x0000000008024d64                c_older
                0x0000000008024df4                ip2mac
 .text          0x0000000008024f80      0x3fc ../hit_pat_bsp\libucosii_bsp.a(ipstart.o)
                0x0000000008024f80                ip_startup
                0x00000000080251e4                exit_hook
                0x000000000802524c                ip_exit
                0x00000000080252fc                if_netnumber
 .text          0x000000000802537c      0xe98 ../hit_pat_bsp\libucosii_bsp.a(igmp_cmn.o)
                0x000000000802537c                igmp_init
                0x000000000802541c                igmp_input
                0x00000000080254ec                igmp_fasttimo
                0x000000000802565c                igmp_send
                0x00000000080258d8                igmp_joingroup
                0x0000000008025b04                igmp_leavegroup
                0x0000000008025b84                igmp_validate
                0x0000000008025e60                igmp_print_stats
 .text          0x0000000008026214      0xac4 ../hit_pat_bsp\libucosii_bsp.a(bsdsock.o)
                0x0000000008026214                bsd_accept
                0x0000000008026334                bsd_getpeername
                0x0000000008026454                bsd_getsockname
                0x0000000008026574                bsd_i_sockoptlen
                0x0000000008026704                bsd_getsockopt
                0x000000000802680c                bsd_ioctl
                0x00000000080268fc                bsd_inet_ntoa
                0x0000000008026930                bsd_recvfrom
                0x0000000008026a74                bsd_select
                0x0000000008026bfc                bsd_setsockopt
 .text          0x0000000008026cd8       0xf8 ../hit_pat_bsp\libucosii_bsp.a(cksum.o)
                0x0000000008026cd8                ccksum
                0x0000000008026d7c                cksum
 .text          0x0000000008026dd0      0xa44 ../hit_pat_bsp\libucosii_bsp.a(in_utils.o)
                0x0000000008026dd0                do_trap
                0x0000000008026dfc                nextarg
                0x0000000008026e78                hexdump
                0x0000000008026fbc                print_ipad
                0x0000000008027038                print_uptime
                0x0000000008027178                panic
                0x00000000080271c0                print_eth
                0x0000000008027314                uslash
                0x0000000008027390                ns_printf
                0x0000000008027500                std_out
                0x0000000008027544                con_page
                0x000000000802761c                parse_args
 .text          0x0000000008027814      0x19c ../hit_pat_bsp\libucosii_bsp.a(netmain.o)
                0x0000000008027814                netmain
                0x00000000080278f4                tk_netmain
                0x000000000802796c                tk_nettick
 .text          0x00000000080279b0      0x55c ../hit_pat_bsp\libucosii_bsp.a(tk_crnos.o)
                0x00000000080279b0                TK_OSTimeDly
                0x00000000080279e0                TK_OSTaskResume
                0x0000000008027a54                tcp_sleep
                0x0000000008027ba0                tcp_wakeup
                0x0000000008027c78                TK_OSTaskQuery
                0x0000000008027ce4                tk_yield
                0x0000000008027d14                tk_stats
 .text          0x0000000008027f0c      0x29c ../hit_pat_bsp\libucosii_bsp.a(ping.o)
                0x0000000008027f0c                icmpEcho
 .text          0x00000000080281a8      0x730 ../hit_pat_bsp\libucosii_bsp.a(pktalloc.o)
                0x00000000080281a8                pk_init
                0x0000000008028434                pk_alloc
                0x00000000080284f4                pk_validate
                0x0000000008028748                pk_free
                0x00000000080287f4                pk_get_max_intrsafe_buf_len
                0x0000000008028814                dump_buf_estats
 .text          0x00000000080288d8      0x268 ../hit_pat_bsp\libucosii_bsp.a(q.o)
                0x00000000080288d8                getq
                0x0000000008028990                putq
                0x0000000008028a40                qdel
 .text          0x0000000008028b40      0x194 ../hit_pat_bsp\libucosii_bsp.a(asm_cksum.o)
                0x0000000008028b40                asm_cksum
 .text          0x0000000008028cd4      0x264 ../hit_pat_bsp\libucosii_bsp.a(brdutils.o)
                0x0000000008028cd4                dtrap
                0x0000000008028d08                kbhit
                0x0000000008028d90                getch
                0x0000000008028de0                clock_init
                0x0000000008028e18                clock_c
                0x0000000008028e38                cticks_hook
                0x0000000008028e94                irq_Mask
                0x0000000008028ef4                irq_Unmask
 .text          0x0000000008028f38      0x4a4 ../hit_pat_bsp\libucosii_bsp.a(osportco.o)
                0x0000000008028f38                LOCK_NET_RESOURCE
                0x0000000008028ff4                UNLOCK_NET_RESOURCE
                0x0000000008029074                TK_NEWTASK
                0x00000000080292b4                wait_app_sem
                0x0000000008029368                post_app_sem
 .text          0x00000000080293dc      0x538 ../hit_pat_bsp\libucosii_bsp.a(targnios.o)
                0x00000000080293dc                alt_iniche_init
                0x000000000802959c                pre_task_setup
                0x00000000080295e8                post_task_setup
                0x0000000008029608                prep_armintcp
                0x0000000008029640                npalloc_base
                0x000000000802974c                npfree_base
                0x000000000802982c                npalloc
                0x0000000008029860                npfree
                0x00000000080298a0                ncpalloc
                0x00000000080298d4                ncpfree
 .text          0x0000000008029914     0x17b4 ../hit_pat_bsp\libucosii_bsp.a(nptcp.o)
                0x0000000008029914                pffindtype
                0x00000000080299a4                pffindproto
                0x0000000008029a70                m_getnbuf
                0x0000000008029bf8                m_free
                0x0000000008029cfc                m_freem
                0x0000000008029d40                m_copy
                0x000000000802a018                m_adj
                0x000000000802a1d8                mbuf_len
                0x000000000802a22c                dtom
                0x000000000802a2c4                remque
                0x000000000802a334                insque
                0x000000000802a3b0                nptcp_init
                0x000000000802a4a4                tcp_rcv
                0x000000000802a658                ip_output
                0x000000000802abe0                in_broadcast
                0x000000000802ac18                np_stripoptions
                0x000000000802ad08                so_icmpdu
                0x000000000802b050                tcp_tick
 .text          0x000000000802b0c8      0x958 ../hit_pat_bsp\libucosii_bsp.a(rawsock.o)
                0x000000000802b0c8                rawip_lookup
                0x000000000802b124                rawip_soinput
                0x000000000802b2e8                rawip_usrreq
 .text          0x000000000802ba20     0x1630 ../hit_pat_bsp\libucosii_bsp.a(sockcall.o)
                0x000000000802ba20                DOMAIN_CHECK
                0x000000000802ba70                t_socket
                0x000000000802baf0                t_bind
                0x000000000802bc50                t_listen
                0x000000000802bd24                t_accept
                0x000000000802bf74                t_connect
                0x000000000802c1e4                t_getpeername
                0x000000000802c228                t_getsockname
                0x000000000802c44c                t_setsockopt
                0x000000000802c60c                t_getsockopt
                0x000000000802c794                t_recv
                0x000000000802c870                t_recvfrom
                0x000000000802c9ac                t_sendto
                0x000000000802cb9c                t_send
                0x000000000802cd9c                t_shutdown
                0x000000000802ce70                t_socketclose
                0x000000000802cfbc                t_errno
 .text          0x000000000802d050     0x2128 ../hit_pat_bsp\libucosii_bsp.a(socket.o)
                0x000000000802d050                socreate
                0x000000000802d1f8                sobind
                0x000000000802d254                solisten
                0x000000000802d324                sofree
                0x000000000802d434                soclose
                0x000000000802d6fc                soabort
                0x000000000802d74c                soaccept
                0x000000000802d7e4                soconnect
                0x000000000802d89c                sodisconnect
                0x000000000802d934                sosend
                0x000000000802de94                soreceive
                0x000000000802e5ec                soshutdown
                0x000000000802e684                sorflush
                0x000000000802e780                sosetopt
                0x000000000802ec0c                sogetopt
                0x000000000802f12c                sohasoutofband
 .text          0x000000000802f178     0x1280 ../hit_pat_bsp\libucosii_bsp.a(socket2.o)
                0x000000000802f178                soisconnecting
                0x000000000802f1e8                soisconnected
                0x000000000802f2ec                soisdisconnecting
                0x000000000802f384                soisdisconnected
                0x000000000802f448                sonewconn
                0x000000000802f640                soqinsque
                0x000000000802f6ec                soqremque
                0x000000000802f7f4                socantsendmore
                0x000000000802f84c                socantrcvmore
                0x000000000802f8a4                sbselqueue
                0x000000000802f8e0                sbwait
                0x000000000802f94c                sbwakeup
                0x000000000802f9d8                soreserve
                0x000000000802fa60                sbreserve
                0x000000000802fab0                sbrelease
                0x000000000802fafc                sbappend
                0x000000000802fb9c                sbappendrecord
                0x000000000802fc74                sbappendaddr
                0x000000000802fe50                sbcompress
                0x000000000803002c                sbflush
                0x00000000080300b0                sbdrop
                0x0000000008030268                sbdropend
                0x0000000008030368                sbdroprecord
 .text          0x00000000080303f8      0x868 ../hit_pat_bsp\libucosii_bsp.a(soselect.o)
                0x00000000080303f8                t_select
                0x00000000080305c8                sock_selscan
                0x0000000008030708                sock_select
                0x00000000080308f0                in_pcbnotify
                0x00000000080309b4                tcp_notify
                0x0000000008030a34                ifd_clr
                0x0000000008030b18                ifd_set
                0x0000000008030b8c                ifd_isset
                0x0000000008030c00                ifd_get
 .text          0x0000000008030c60     0x2c34 ../hit_pat_bsp\libucosii_bsp.a(tcp_in.o)
                0x0000000008030c60                tcp_reass
                0x0000000008031050                tcp_input
                0x0000000008033264                tcp_dooptions
                0x00000000080333ec                tcp_pulloutofband
                0x0000000008033518                tcp_xmit_timer
                0x0000000008033754                ip4_tcpmss
                0x000000000803379c                tcp_mss
 .text          0x0000000008033894     0x1164 ../hit_pat_bsp\libucosii_bsp.a(tcp_out.o)
                0x0000000008033894                tcp_output
                0x0000000008034830                tcp_setpersist
 .text          0x00000000080349f8      0x910 ../hit_pat_bsp\libucosii_bsp.a(tcp_subr.o)
                0x00000000080349f8                tcp_init
                0x0000000008034a40                tcp_template
                0x0000000008034b48                tcp_respond
                0x0000000008034f40                tcp_newtcpcb
                0x000000000803504c                tcp_drop
                0x00000000080350e8                tcp_close
                0x00000000080351d0                tcp_quench
                0x000000000803521c                tcp_putseq
                0x0000000008035294                tcp_getseq
 .text          0x0000000008035308      0x70c ../hit_pat_bsp\libucosii_bsp.a(tcp_timr.o)
                0x0000000008035308                tcp_slowtimo
                0x0000000008035564                tcp_canceltimers
                0x00000000080355c0                tcp_timers
 .text          0x0000000008035a14      0x968 ../hit_pat_bsp\libucosii_bsp.a(tcp_usr.o)
                0x0000000008035a14                tcp_usrreq
                0x00000000080360cc                tcp_attach
                0x00000000080361e4                tcp_disconnect
                0x00000000080362b0                tcp_usrclosed
 .text          0x000000000803637c       0x40 ../hit_pat_bsp\libucosii_bsp.a(tcpport.o)
                0x000000000803637c                tcpinit
 .text          0x00000000080363bc      0xba0 ../hit_pat_bsp\libucosii_bsp.a(udpsock.o)
                0x00000000080363bc                udp_lookup
                0x0000000008036418                udp_soinput
                0x00000000080365b8                udp_usrreq
                0x00000000080367f0                udp4_sockbind
                0x0000000008036ac0                udp4_socksend
                0x0000000008036e34                udp4_sockaddr
 .text          0x0000000008036f5c      0x158 ../hit_pat_bsp\libucosii_bsp.a(alt_busy_sleep.o)
                0x0000000008036f5c                alt_busy_sleep
 .text          0x00000000080370b4      0x10c ../hit_pat_bsp\libucosii_bsp.a(alt_close.o)
                0x00000000080370f0                alt_close
 .text          0x00000000080371c0       0x78 ../hit_pat_bsp\libucosii_bsp.a(alt_dcache_flush.o)
                0x00000000080371c0                alt_dcache_flush
 .text          0x0000000008037238       0x2c ../hit_pat_bsp\libucosii_bsp.a(alt_dev.o)
 .text          0x0000000008037264       0xe0 ../hit_pat_bsp\libucosii_bsp.a(alt_dev_llist_insert.o)
                0x00000000080372a0                alt_dev_llist_insert
 .text          0x0000000008037344       0x60 ../hit_pat_bsp\libucosii_bsp.a(alt_do_ctors.o)
                0x0000000008037344                _do_ctors
 .text          0x00000000080373a4       0x60 ../hit_pat_bsp\libucosii_bsp.a(alt_do_dtors.o)
                0x00000000080373a4                _do_dtors
 .text          0x0000000008037404        0x0 ../hit_pat_bsp\libucosii_bsp.a(alt_errno.o)
 .text          0x0000000008037404       0x90 ../hit_pat_bsp\libucosii_bsp.a(alt_find_dev.o)
                0x0000000008037404                alt_find_dev
 .text          0x0000000008037494      0x1b0 ../hit_pat_bsp\libucosii_bsp.a(alt_iic.o)
                0x0000000008037494                alt_ic_isr_register
                0x00000000080374e4                alt_ic_irq_enable
                0x000000000803756c                alt_ic_irq_disable
                0x00000000080375f8                alt_ic_irq_enabled
 .text          0x0000000008037644       0xe4 ../hit_pat_bsp\libucosii_bsp.a(alt_iic_isr_register.o)
                0x0000000008037644                alt_iic_isr_register
 .text          0x0000000008037728      0x12c ../hit_pat_bsp\libucosii_bsp.a(alt_io_redirect.o)
                0x00000000080377d8                alt_io_redirect
 .text          0x0000000008037854        0x0 ../hit_pat_bsp\libucosii_bsp.a(alt_irq_entry.o)
 .text          0x0000000008037854        0x0 ../hit_pat_bsp\libucosii_bsp.a(alt_irq_handler.o)
 .text          0x0000000008037854        0x0 ../hit_pat_bsp\libucosii_bsp.a(alt_irq_vars.o)
 .text          0x0000000008037854      0x248 ../hit_pat_bsp\libucosii_bsp.a(alt_open.o)
                0x0000000008037948                open
 .text          0x0000000008037a9c      0x22c ../hit_pat_bsp\libucosii_bsp.a(alt_printf.o)
                0x0000000008037a9c                alt_printf
 .text          0x0000000008037cc8       0x30 ../hit_pat_bsp\libucosii_bsp.a(alt_putchar.o)
                0x0000000008037cc8                alt_putchar
 .text          0x0000000008037cf8      0x138 ../hit_pat_bsp\libucosii_bsp.a(alt_read.o)
                0x0000000008037d34                alt_read
 .text          0x0000000008037e30       0x58 ../hit_pat_bsp\libucosii_bsp.a(alt_release_fd.o)
                0x0000000008037e30                alt_release_fd
 .text          0x0000000008037e88       0x34 ../hit_pat_bsp\libucosii_bsp.a(alt_remap_cached.o)
                0x0000000008037e88                alt_remap_cached
 .text          0x0000000008037ebc      0x1a4 ../hit_pat_bsp\libucosii_bsp.a(alt_tick.o)
                0x0000000008037ebc                alt_alarm_stop
                0x0000000008037f58                alt_tick
 .text          0x0000000008038060       0x44 ../hit_pat_bsp\libucosii_bsp.a(alt_uncached_free.o)
                0x0000000008038060                alt_uncached_free
 .text          0x00000000080380a4       0x78 ../hit_pat_bsp\libucosii_bsp.a(alt_uncached_malloc.o)
                0x00000000080380a4                alt_uncached_malloc
 .text          0x000000000803811c      0x114 ../hit_pat_bsp\libucosii_bsp.a(alt_usleep.o)
                0x000000000803811c                usleep
 .text          0x0000000008038230      0x134 ../hit_pat_bsp\libucosii_bsp.a(alt_write.o)
                0x000000000803826c                alt_write
 .text          0x0000000008038364       0x24 ../hit_pat_bsp\libucosii_bsp.a(altera_nios2_gen2_irq.o)
                0x0000000008038364                altera_nios2_gen2_irq_init
 .text          0x0000000008038388       0xd0 ../hit_pat_bsp\libucosii_bsp.a(os_cpu_a.o)
                0x0000000008038388                OSCtxSw
                0x0000000008038388                OSIntCtxSw
                0x0000000008038414                OSStartHighRdy
                0x0000000008038434                OSStartTsk
 .text          0x0000000008038458      0x284 ../hit_pat_bsp\libucosii_bsp.a(os_cpu_c.o)
                0x0000000008038458                OSTaskStkInit
                0x00000000080385a4                OSTaskCreateHook
                0x00000000080385c8                OSTaskDelHook
                0x00000000080385ec                OSTaskSwHook
                0x000000000803860c                OSTaskStatHook
                0x000000000803862c                OSTimeTickHook
                0x0000000008038658                OSInitHookBegin
                0x0000000008038678                OSInitHookEnd
                0x0000000008038698                OSTaskIdleHook
                0x00000000080386b8                OSTCBInitHook
 .text          0x00000000080386dc      0x3d4 ../hit_pat_bsp\libucosii_bsp.a(allports.o)
                0x00000000080386dc                netmain_init
                0x00000000080387c4                icmp_port_du
                0x0000000008038850                station_state
                0x00000000080389b0                sysuptime
                0x00000000080389e8                packet_check
                0x0000000008038a38                mcastlist
                0x0000000008038a5c                prep_modules
 .text          0x0000000008038ab0      0x388 ../hit_pat_bsp\libucosii_bsp.a(timeouts.o)
                0x0000000008038ab0                inet_timer
                0x0000000008038c74                in_timerset
                0x0000000008038da0                in_timerkill
 .text          0x0000000008038e38       0xa0 ../hit_pat_bsp\libucosii_bsp.a(tk_misc.o)
                0x0000000008038e38                create_apptasks